Component: ARM Compiler 5.06 update 4 (build 422) Tool: armlink [4d35d2]

==============================================================================

Section Cross References

    dfu-cc.pb.o(.constdata) refers to dfu-cc.pb.o(.constdata) for dfu_hash_fields
    dfu-cc.pb.o(.constdata) refers to dfu-cc.pb.o(.constdata) for dfu_init_command_is_debug_default
    dfu-cc.pb.o(.constdata) refers to dfu-cc.pb.o(.constdata) for dfu_init_command_fields
    dfu-cc.pb.o(.constdata) refers to dfu-cc.pb.o(.constdata) for dfu_reset_command_fields
    dfu-cc.pb.o(.constdata) refers to dfu-cc.pb.o(.constdata) for dfu_command_fields
    dfu-cc.pb.o(.constdata) refers to dfu-cc.pb.o(.constdata) for dfu_command_fields
    dfu-cc.pb.o(.constdata) refers to dfu-cc.pb.o(.constdata) for dfu_signed_command_fields
    dfu_req_handling.o(i.dfu_decode_commmand) refers to pb_decode.o(i.pb_istream_from_buffer) for pb_istream_from_buffer
    dfu_req_handling.o(i.dfu_decode_commmand) refers to pb_decode.o(i.pb_decode) for pb_decode
    dfu_req_handling.o(i.dfu_decode_commmand) refers to nrf_dfu_settings.o(.bss) for s_dfu_settings
    dfu_req_handling.o(i.dfu_decode_commmand) refers to dfu_req_handling.o(.bss) for .bss
    dfu_req_handling.o(i.dfu_decode_commmand) refers to dfu_req_handling.o(i.pb_decoding_callback) for pb_decoding_callback
    dfu_req_handling.o(i.dfu_decode_commmand) refers to dfu_req_handling.o(.data) for .data
    dfu_req_handling.o(i.dfu_decode_commmand) refers to dfu-cc.pb.o(.constdata) for dfu_packet_fields
    dfu_req_handling.o(i.dfu_handle_prevalidate) refers to nrf_dfu_handling_error.o(i.ext_error_set) for ext_error_set
    dfu_req_handling.o(i.dfu_handle_prevalidate) refers to nrf_crypto_sw_hash.o(i.nrf_crypto_hash_compute) for nrf_crypto_hash_compute
    dfu_req_handling.o(i.dfu_handle_prevalidate) refers to memcpya.o(.text) for __aeabi_memcpy
    dfu_req_handling.o(i.dfu_handle_prevalidate) refers to micro_ecc_lib_ecdsa.o(i.nrf_crypto_ecdsa_verify_hash) for nrf_crypto_ecdsa_verify_hash
    dfu_req_handling.o(i.dfu_handle_prevalidate) refers to nrf_dfu_utils.o(i.nrf_dfu_find_cache) for nrf_dfu_find_cache
    dfu_req_handling.o(i.dfu_handle_prevalidate) refers to nrf_dfu_settings.o(.bss) for s_dfu_settings
    dfu_req_handling.o(i.dfu_handle_prevalidate) refers to dfu_req_handling.o(.constdata) for .constdata
    dfu_req_handling.o(i.dfu_handle_prevalidate) refers to dfu_req_handling.o(.data) for .data
    dfu_req_handling.o(i.inactivity_timer_restart) refers to app_timer.o(i.app_timer_stop) for app_timer_stop
    dfu_req_handling.o(i.inactivity_timer_restart) refers to main.o(i.app_error_handler_bare) for app_error_handler_bare
    dfu_req_handling.o(i.inactivity_timer_restart) refers to app_timer.o(i.app_timer_start) for app_timer_start
    dfu_req_handling.o(i.inactivity_timer_restart) refers to nrf_dfu.o(.constdata) for nrf_dfu_inactivity_timeout_timer_id
    dfu_req_handling.o(i.nrf_dfu_command_req) refers to app_timer.o(i.app_timer_stop) for app_timer_stop
    dfu_req_handling.o(i.nrf_dfu_command_req) refers to memseta.o(.text) for __aeabi_memclr4
    dfu_req_handling.o(i.nrf_dfu_command_req) refers to memcpya.o(.text) for __aeabi_memcpy
    dfu_req_handling.o(i.nrf_dfu_command_req) refers to crc32.o(i.crc32_compute) for crc32_compute
    dfu_req_handling.o(i.nrf_dfu_command_req) refers to dfu_req_handling.o(i.dfu_decode_commmand) for dfu_decode_commmand
    dfu_req_handling.o(i.nrf_dfu_command_req) refers to dfu_req_handling.o(i.dfu_handle_prevalidate) for dfu_handle_prevalidate
    dfu_req_handling.o(i.nrf_dfu_command_req) refers to nrf_dfu_settings.o(i.nrf_dfu_settings_write) for nrf_dfu_settings_write
    dfu_req_handling.o(i.nrf_dfu_command_req) refers to nrf_dfu_handling_error.o(i.ext_error_set) for ext_error_set
    dfu_req_handling.o(i.nrf_dfu_command_req) refers to dfu_req_handling.o(i.inactivity_timer_restart) for inactivity_timer_restart
    dfu_req_handling.o(i.nrf_dfu_command_req) refers to nrf_dfu_settings.o(.bss) for s_dfu_settings
    dfu_req_handling.o(i.nrf_dfu_command_req) refers to dfu_req_handling.o(.data) for .data
    dfu_req_handling.o(i.nrf_dfu_command_req) refers to nrf_dfu_utils.o(.constdata) for nrf_dfu_post_sd_bl_timeout_timer_id
    dfu_req_handling.o(i.nrf_dfu_command_req) refers to dfu_req_handling.o(.bss) for .bss
    dfu_req_handling.o(i.nrf_dfu_data_req) refers to nrf_dfu_flash.o(i.nrf_dfu_flash_erase) for nrf_dfu_flash_erase
    dfu_req_handling.o(i.nrf_dfu_data_req) refers to crc32.o(i.crc32_compute) for crc32_compute
    dfu_req_handling.o(i.nrf_dfu_data_req) refers to memcpya.o(.text) for __aeabi_memcpy
    dfu_req_handling.o(i.nrf_dfu_data_req) refers to nrf_dfu_flash.o(i.nrf_dfu_flash_store) for nrf_dfu_flash_store
    dfu_req_handling.o(i.nrf_dfu_data_req) refers to nrf_dfu_settings.o(i.nrf_dfu_settings_write) for nrf_dfu_settings_write
    dfu_req_handling.o(i.nrf_dfu_data_req) refers to dfu_req_handling.o(i.nrf_dfu_postvalidate) for nrf_dfu_postvalidate
[...]
    timer_list_remove                        0x0007d6a5   Thumb Code    88  app_timer.o(i.timer_list_remove)
    i.timer_stop_op_schedule                 0x0007d704   Section        0  app_timer.o(i.timer_stop_op_schedule)
    timer_stop_op_schedule                   0x0007d705   Thumb Code    68  app_timer.o(i.timer_stop_op_schedule)
    i.timer_timeouts_check                   0x0007d74c   Section        0  app_timer.o(i.timer_timeouts_check)
    timer_timeouts_check                     0x0007d74d   Thumb Code   106  app_timer.o(i.timer_timeouts_check)
    i.uint32_encode                          0x0007d7c0   Section        0  nrf_ble_dfu.o(i.uint32_encode)
    uint32_encode                            0x0007d7c1   Thumb Code    18  nrf_ble_dfu.o(i.uint32_encode)
    i.uninit                                 0x0007d7d4   Section        0  nrf_fstorage_nvmc.o(i.uninit)
    uninit                                   0x0007d7d5   Thumb Code    12  nrf_fstorage_nvmc.o(i.uninit)
    i.uninit                                 0x0007d7e4   Section        0  nrf_fstorage_sd.o(i.uninit)
    uninit                                   0x0007d7e5   Thumb Code    22  nrf_fstorage_sd.o(i.uninit)
    i.user_op_alloc                          0x0007d804   Section        0  app_timer.o(i.user_op_alloc)
    user_op_alloc                            0x0007d805   Thumb Code    42  app_timer.o(i.user_op_alloc)
    i.wmap                                   0x0007d834   Section        0  nrf_fstorage_nvmc.o(i.wmap)
    wmap                                     0x0007d835   Thumb Code     4  nrf_fstorage_nvmc.o(i.wmap)
    i.wmap                                   0x0007d838   Section        0  nrf_fstorage_sd.o(i.wmap)
    wmap                                     0x0007d839   Thumb Code     4  nrf_fstorage_sd.o(i.wmap)
    i.write                                  0x0007d83c   Section        0  nrf_fstorage_nvmc.o(i.write)
    write                                    0x0007d83d   Thumb Code    62  nrf_fstorage_nvmc.o(i.write)
    i.write                                  0x0007d880   Section        0  nrf_fstorage_sd.o(i.write)
    write                                    0x0007d881   Thumb Code    74  nrf_fstorage_sd.o(i.write)
    .constdata                               0x0007d8d0   Section        1  dfu-cc.pb.o(.constdata)
    .constdata                               0x0007d8d4   Section       36  dfu-cc.pb.o(.constdata)
    .constdata                               0x0007d8f8   Section      120  dfu-cc.pb.o(.constdata)
    .constdata                               0x0007d970   Section       24  dfu-cc.pb.o(.constdata)
    .constdata                               0x0007d988   Section       48  dfu-cc.pb.o(.constdata)
    .constdata                               0x0007d9b8   Section       48  dfu-cc.pb.o(.constdata)
    .constdata                               0x0007d9e8   Section       36  dfu-cc.pb.o(.constdata)
    .constdata                               0x0007da0c   Section       12  dfu_req_handling.o(.constdata)
    m_reset_timer                            0x0007da14   Data           4  dfu_req_handling.o(.constdata)
    .constdata                               0x0007da18   Section       64  dfu_public_key.o(.constdata)
    .constdata                               0x0007da58   Section        8  boards.o(.constdata)
    m_board_led_list                         0x0007da58   Data           4  boards.o(.constdata)
    m_board_btn_list                         0x0007da5c   Data           4  boards.o(.constdata)
    .constdata                               0x0007da60   Section       40  nrf_ble_dfu.o(.constdata)
    .constdata                               0x0007da88   Section        4  nrf_dfu.o(.constdata)
    .constdata                               0x0007da8c   Section       64  nrf_dfu_mbr.o(.constdata)
    .constdata                               0x0007dacc   Section        4  nrf_dfu_utils.o(.constdata)
    .constdata                               0x0007dad0   Section        8  nrf_crypto_sw_hash.o(.constdata)
    .constdata                               0x0007dad8   Section       12  nrf_fstorage_nvmc.o(.constdata)
    m_flash_info                             0x0007dad8   Data          12  nrf_fstorage_nvmc.o(.constdata)
    .constdata                               0x0007dae4   Section       32  nrf_fstorage_nvmc.o(.constdata)
    .constdata                               0x0007db04   Section       16  nrf_fstorage_sd.o(.constdata)
    m_fifo                                   0x0007db04   Data           4  nrf_fstorage_sd.o(.constdata)
    m_flash_info                             0x0007db08   Data          12  nrf_fstorage_sd.o(.constdata)
    .constdata                               0x0007db14   Section       32  nrf_fstorage_sd.o(.constdata)
    .constdata                               0x0007db34   Section      256  sha256.o(.constdata)
    k                                        0x0007db34   Data         256  sha256.o(.constdata)
    .constdata                               0x0007dc34   Section       16  nrf_sdh.o(.constdata)
    sdh_req_observers_array                  0x0007dc34   Data          16  nrf_sdh.o(.constdata)
    .constdata                               0x0007dc44   Section       40  nrf_sdh.o(.constdata)
    sdh_req_observers                        0x0007dc48   Data          12  nrf_sdh.o(.constdata)
    sdh_state_observers                      0x0007dc54   Data          12  nrf_sdh.o(.constdata)
    sdh_stack_observers                      0x0007dc60   Data          12  nrf_sdh.o(.constdata)
    .constdata                               0x0007dc6c   Section       16  nrf_sdh.o(.constdata)
    sdh_state_observers_array                0x0007dc6c   Data          16  nrf_sdh.o(.constdata)
    .constdata                               0x0007dc7c   Section       16  nrf_sdh.o(.constdata)
    sdh_stack_observers_array                0x0007dc7c   Data          16  nrf_sdh.o(.constdata)
    .constdata                               0x0007dc8c   Section       32  nrf_sdh_ble.o(.constdata)
    sdh_ble_observers_array                  0x0007dc8c   Data          32  nrf_sdh_ble.o(.constdata)
    .constdata                               0x0007dcac   Section       16  nrf_sdh_ble.o(.constdata)
    sdh_ble_observers                        0x0007dcb0   Data          12  nrf_sdh_ble.o(.constdata)
    .constdata                               0x0007dcbc   Section       16  nrf_sdh_soc.o(.constdata)
    sdh_soc_observers_array                  0x0007dcbc   Data          16  nrf_sdh_soc.o(.constdata)
    .constdata                               0x0007dccc   Section       12  nrf_sdh_soc.o(.constdata)
    sdh_soc_observers                        0x0007dccc   Data          12  nrf_sdh_soc.o(.constdata)
    .constdata                               0x0007dcd8   Section       36  pb_decode.o(.constdata)
    PB_DECODERS                              0x0007dcd8   Data          36  pb_decode.o(.constdata)
    [Anonymous Symbol]                       0x0007dcfc   Section        0  uECC.c.o(.rodata.curve_secp256r1)
    curve_secp256r1                          0x0007dcfc   Data         176  uECC.c.o(.rodata.curve_secp256r1)
    dfu_trans                                0x0007ddcc   Section        8  nrf_ble_dfu.o(dfu_trans)
    __tagsym$$used                           0x0007ddcc   Number         0  nrf_ble_dfu.o(dfu_trans)
    sdh_ble_observers2                       0x0007ddd4   Section        8  nrf_ble_dfu.o(sdh_ble_observers2)
    __tagsym$$used                           0x0007ddd4   Number         0  nrf_ble_dfu.o(sdh_ble_observers2)
    m_ble_evt_observer                       0x0007ddd4   Data           8  nrf_ble_dfu.o(sdh_ble_observers2)
    sdh_req_observers0                       0x0007dddc   Section        8  nrf_fstorage_sd.o(sdh_req_observers0)
    __tagsym$$used                           0x0007dddc   Number         0  nrf_fstorage_sd.o(sdh_req_observers0)
    sdh_soc_observers0                       0x0007dde4   Section        8  nrf_drv_clock.o(sdh_soc_observers0)
    __tagsym$$used                           0x0007dde4   Number         0  nrf_drv_clock.o(sdh_soc_observers0)
    m_soc_evt_observer                       0x0007dde4   Data           8  nrf_drv_clock.o(sdh_soc_observers0)
    sdh_soc_observers0                       0x0007ddec   Section        8  nrf_fstorage_sd.o(sdh_soc_observers0)
    __tagsym$$used                           0x0007ddec   Number         0  nrf_fstorage_sd.o(sdh_soc_observers0)
    m_sys_obs                                0x0007ddec   Data           8  nrf_fstorage_sd.o(sdh_soc_observers0)
    sdh_stack_observers0                     0x0007ddf4   Section        8  nrf_sdh_ble.o(sdh_stack_observers0)
    __tagsym$$used                           0x0007ddf4   Number         0  nrf_sdh_ble.o(sdh_stack_observers0)
    m_nrf_sdh_ble_evts_poll                  0x0007ddf4   Data           8  nrf_sdh_ble.o(sdh_stack_observers0)
    sdh_stack_observers0                     0x0007ddfc   Section        8  nrf_sdh_soc.o(sdh_stack_observers0)
    __tagsym$$used                           0x0007ddfc   Number         0  nrf_sdh_soc.o(sdh_stack_observers0)
    m_nrf_sdh_soc_evts_poll                  0x0007ddfc   Data           8  nrf_sdh_soc.o(sdh_stack_observers0)
    sdh_state_observers0                     0x0007de04   Section        8  nrf_drv_clock.o(sdh_state_observers0)
    __tagsym$$used                           0x0007de04   Number         0  nrf_drv_clock.o(sdh_state_observers0)
    m_sd_state_observer                      0x0007de04   Data           8  nrf_drv_clock.o(sdh_state_observers0)
    sdh_state_observers0                     0x0007de0c   Section        8  nrf_fstorage_sd.o(sdh_state_observers0)
    __tagsym$$used                           0x0007de0c   Number         0  nrf_fstorage_sd.o(sdh_state_observers0)
    m_state_obs                              0x0007de0c   Data           8  nrf_fstorage_sd.o(sdh_state_observers0)
    svc_data                                 0x0007de14   Section       12  nrf_dfu_svci_handler.o(svc_data)
    __tagsym$$used                           0x0007de14   Number         0  nrf_dfu_svci_handler.o(svc_data)
    .ARM.__AT_0x0007E000                     0x0007e000   Section     4096  nrf_dfu_settings.o(.ARM.__AT_0x0007E000)
    __tagsym$$used                           0x0007e000   Number         0  nrf_dfu_settings.o(.ARM.__AT_0x0007E000)
    .ARM.__AT_0x0007F000                     0x0007f000   Section     4096  nrf_dfu_settings.o(.ARM.__AT_0x0007F000)
    __tagsym$$used                           0x0007f000   Number         0  nrf_dfu_settings.o(.ARM.__AT_0x0007F000)
    .ARM.__AT_0x10001014                     0x10001014   Section        4  nrf_bootloader_info.o(.ARM.__AT_0x10001014)
    .ARM.__AT_0x10001018                     0x10001018   Section        4  nrf_dfu_settings.o(.ARM.__AT_0x10001018)
    .data                                    0x20002830   Section       56  dfu_req_handling.o(.data)
    timer_started                            0x20002830   Data           1  dfu_req_handling.o(.data)
    cur_obj_type                             0x20002831   Data           1  dfu_req_handling.o(.data)
    m_current_data_buffer                    0x20002832   Data           1  dfu_req_handling.o(.data)
    m_valid_init_packet_present              0x20002833   Data           1  dfu_req_handling.o(.data)
    m_is_dfu_complete_response_sent          0x20002834   Data           1  dfu_req_handling.o(.data)
    m_dfu_last_settings_write_started        0x20002835   Data           1  dfu_req_handling.o(.data)
    m_data_buf_pos                           0x20002836   Data           2  dfu_req_handling.o(.data)
    m_firmware_start_addr                    0x20002838   Data           4  dfu_req_handling.o(.data)
    m_firmware_size_req                      0x2000283c   Data           4  dfu_req_handling.o(.data)
    init_packet_data                         0x20002840   Data           8  dfu_req_handling.o(.data)
    crypto_key_pk                            0x20002848   Data           8  dfu_req_handling.o(.data)
    crypto_sig                               0x20002850   Data           8  dfu_req_handling.o(.data)
    init_packet_hash                         0x20002858   Data           8  dfu_req_handling.o(.data)
    fw_hash                                  0x20002860   Data           8  dfu_req_handling.o(.data)
    .data                                    0x20002868   Section       12  nrf_ble_dfu.o(.data)
    m_conn_handle                            0x20002868   Data           2  nrf_ble_dfu.o(.data)
    m_pkt_notif_target                       0x2000286a   Data           2  nrf_ble_dfu.o(.data)
    m_pkt_notif_target_cnt                   0x2000286c   Data           2  nrf_ble_dfu.o(.data)
    m_flags                                  0x20002870   Data           4  nrf_ble_dfu.o(.data)
    .data                                    0x20002874   Section        4  nrf_dfu_flash.o(.data)
    m_flash_operations_pending               0x20002874   Data           4  nrf_dfu_flash.o(.data)
    .data                                    0x20002878   Section        1  nrf_dfu_handling_error.o(.data)
    m_last_error                             0x20002878   Data           1  nrf_dfu_handling_error.o(.data)
    .data                                    0x2000287c   Section       16  app_scheduler.o(.data)
    m_queue_start_index                      0x2000287c   Data           1  app_scheduler.o(.data)
    m_queue_end_index                        0x2000287d   Data           1  app_scheduler.o(.data)
    m_queue_event_size                       0x2000287e   Data           2  app_scheduler.o(.data)
    m_queue_size                             0x20002880   Data           2  app_scheduler.o(.data)
    m_queue_event_headers                    0x20002884   Data           4  app_scheduler.o(.data)
    m_queue_event_data                       0x20002888   Data           4  app_scheduler.o(.data)
    .data                                    0x2000288c   Section       20  app_timer.o(.data)
    m_ticks_elapsed_q_read_ind               0x2000288c   Data           1  app_timer.o(.data)
    m_ticks_elapsed_q_write_ind              0x2000288d   Data           1  app_timer.o(.data)
    m_rtc1_running                           0x2000288e   Data           1  app_timer.o(.data)
    m_rtc1_reset                             0x2000288f   Data           1  app_timer.o(.data)
    mp_timer_id_head                         0x20002890   Data           4  app_timer.o(.data)
    m_ticks_latest                           0x20002894   Data           4  app_timer.o(.data)
    m_ticks_elapsed                          0x20002898   Data           8  app_timer.o(.data)
    .data                                    0x200028a0   Section        4  nrf_fstorage_nvmc.o(.data)
    m_flash_operation_ongoing                0x200028a0   Data           4  nrf_fstorage_nvmc.o(.data)
    .data                                    0x200028a4   Section        8  nrf_fstorage_sd.o(.data)
    m_p_cur_op                               0x200028a4   Data           4  nrf_fstorage_sd.o(.data)
    m_iget_ctx                               0x200028a8   Data           4  nrf_fstorage_sd.o(.data)
    .data                                    0x200028ac   Section        3  nrf_sdh.o(.data)
    m_nrf_sdh_enabled                        0x200028ac   Data           1  nrf_sdh.o(.data)
    m_nrf_sdh_suspended                      0x200028ad   Data           1  nrf_sdh.o(.data)
    m_nrf_sdh_continue                       0x200028ae   Data           1  nrf_sdh.o(.data)
    .data                                    0x200028b0   Section        4  system_nrf52.o(.data)
    __tagsym$$used                           0x200028b0   Number         0  system_nrf52.o(.data)
    fs_data                                  0x200028b4   Section       20  nrf_dfu_flash.o(fs_data)
    __tagsym$$used                           0x200028b4   Number         0  nrf_dfu_flash.o(fs_data)
    .bss                                     0x200028c8   Section      924  dfu_req_handling.o(.bss)
    packet                                   0x200028c8   Data         396  dfu_req_handling.o(.bss)
    m_data_buf                               0x20002a54   Data         512  dfu_req_handling.o(.bss)
    stream                                   0x20002c54   Data          16  dfu_req_handling.o(.bss)
    .bss                                     0x20002c64   Section       32  dfu_req_handling.o(.bss)
    m_reset_timer_data                       0x20002c64   Data          32  dfu_req_handling.o(.bss)
    .bss                                     0x20002c84   Section       64  dfu_req_handling.o(.bss)
    crypto_sig_buffer                        0x20002c84   Data          64  dfu_req_handling.o(.bss)
    .bss                                     0x20002cc4   Section       32  dfu_req_handling.o(.bss)
    init_packet_hash_buffer                  0x20002cc4   Data          32  dfu_req_handling.o(.bss)
    .bss                                     0x20002ce4   Section       32  dfu_req_handling.o(.bss)
    fw_hash_buffer                           0x20002ce4   Data          32  dfu_req_handling.o(.bss)
    .bss                                     0x20002d04   Section       68  nrf_ble_dfu.o(.bss)
    m_dfu                                    0x20002d04   Data          20  nrf_ble_dfu.o(.bss)
    m_notif_buffer                           0x20002d18   Data          17  nrf_ble_dfu.o(.bss)
    m_adv_name                               0x20002d2c   Data          28  nrf_ble_dfu.o(.bss)
    .bss                                     0x20002d48   Section       32  nrf_dfu.o(.bss)
    nrf_dfu_inactivity_timeout_timer         0x20002d48   Data          32  nrf_dfu.o(.bss)
    .bss                                     0x20002d68   Section      272  nrf_dfu.o(.bss)
    APP_SCHED_BUF                            0x20002d68   Data         272  nrf_dfu.o(.bss)
    .bss                                     0x20002e78   Section      880  nrf_dfu_settings.o(.bss)
    temp_dfu_settings                        0x20002e78   Data         440  nrf_dfu_settings.o(.bss)
    .bss                                     0x200031e8   Section       32  nrf_dfu_utils.o(.bss)
    nrf_dfu_post_sd_bl_timeout_timer         0x200031e8   Data          32  nrf_dfu_utils.o(.bss)
    .bss                                     0x20003208   Section       20  nrf_drv_clock.o(.bss)
    m_clock_cb                               0x20003208   Data          20  nrf_drv_clock.o(.bss)
    .bss                                     0x2000321c   Section      268  app_timer.o(.bss)
    m_op_queue                               0x2000321c   Data         268  app_timer.o(.bss)
    .bss                                     0x20003328   Section       12  app_util_platform.o(.bss)
    .bss                                     0x20003334   Section      272  nrf_fstorage_sd.o(.bss)
    m_fifo_data                              0x20003334   Data         252  nrf_fstorage_sd.o(.bss)
    m_flags                                  0x20003430   Data          20  nrf_fstorage_sd.o(.bss)
    .bss                                     0x20003444   Section       16  nrf_fstorage_sd.o(.bss)
    m_fifo_inst                              0x20003444   Data          16  nrf_fstorage_sd.o(.bss)
    STACK                                    0x20003458   Section     8192  arm_startup_nrf52.o(STACK)

    Global Symbols

    Symbol Name                              Value     Ov Type        Size  Object(Section)

    BuildAttributes$$THM_ISAv4$E$P$D$K$B$S$7EM$VFPi3$EXTD16$VFPS$VFMA$PE$A:L22UL41UL21$X:L11$S22US41US21$IEEE1$IW$USESV6$~STKCKD$USESV7$~SHL$OSPACE$IEEEX$EBA8$MICROLIB$REQ8$PRES8$EABIv2 0x00000000   Number         0  anon$$obj.o ABSOLUTE
    __ARM_use_no_argv                        0x00000000   Number         0  main.o ABSOLUTE
    __cpp_initialize__aeabi_                  - Undefined Weak Reference
    __cxa_finalize                            - Undefined Weak Reference
    __decompress                              - Undefined Weak Reference
    _clock_init                               - Undefined Weak Reference
    _microlib_exit                            - Undefined Weak Reference
    sdh_ble_observers0$$Base                  - Undefined Reference
    sdh_ble_observers0$$Limit                 - Undefined Reference
    sdh_ble_observers1$$Base                  - Undefined Reference
    sdh_ble_observers1$$Limit                 - Undefined Reference
    sdh_ble_observers3$$Base                  - Undefined Reference
    sdh_ble_observers3$$Limit                 - Undefined Reference
    sdh_req_observers1$$Base                  - Undefined Reference
    sdh_req_observers1$$Limit                 - Undefined Reference
    sdh_soc_observers1$$Base                  - Undefined Reference
    sdh_soc_observers1$$Limit                 - Undefined Reference
    sdh_stack_observers1$$Base                - Undefined Reference
    sdh_stack_observers1$$Limit               - Undefined Reference
    sdh_state_observers1$$Base                - Undefined Reference
    sdh_state_observers1$$Limit               - Undefined Reference
    __Vectors_Size                           0x00000200   Number         0  arm_startup_nrf52.o ABSOLUTE
    Image$$ER_IROM1$$Base                    0x00078000   Number         0  anon$$obj.o ABSOLUTE
    __Vectors                                0x00078000   Data           4  arm_startup_nrf52.o(RESET)
    __Vectors_End                            0x00078200   Data           0  arm_startup_nrf52.o(RESET)
    __main                                   0x00078201   Thumb Code     0  entry.o(.ARM.Collect$$$$00000000)
    _main_stk                                0x00078201   Thumb Code     0  entry2.o(.ARM.Collect$$$$00000001)
    _main_scatterload                        0x00078205   Thumb Code     0  entry5.o(.ARM.Collect$$$$00000004)
    __main_after_scatterload                 0x00078209   Thumb Code     0  entry5.o(.ARM.Collect$$$$00000004)
    _main_clock                              0x00078209   Thumb Code     0  entry7b.o(.ARM.Collect$$$$00000008)
    _main_cpp_init                           0x00078209   Thumb Code     0  entry8b.o(.ARM.Collect$$$$0000000A)
    _main_init                               0x00078209   Thumb Code     0  entry9a.o(.ARM.Collect$$$$0000000B)
    __rt_final_cpp                           0x00078211   Thumb Code     0  entry10a.o(.ARM.Collect$$$$0000000D)
    __rt_final_exit                          0x00078211   Thumb Code     0  entry11a.o(.ARM.Collect$$$$0000000F)
    nrf_bootloader_app_start_impl            0x00078215   Thumb Code    64  nrf_bootloader_app_start_asm.o(.emb_text)
    __asm___12_nrf_atfifo_c_51f461e1__nrf_atfifo_wspace_req 0x00078255   Thumb Code    56  nrf_atfifo.o(.emb_text)
    __asm___12_nrf_atfifo_c_51f461e1__nrf_atfifo_wspace_close 0x0007828d   Thumb Code    18  nrf_atfifo.o(.emb_text)
    __asm___12_nrf_atfifo_c_51f461e1__nrf_atfifo_rspace_req 0x0007829f   Thumb Code    58  nrf_atfifo.o(.emb_text)
    __asm___12_nrf_atfifo_c_51f461e1__nrf_atfifo_rspace_close 0x000782d9   Thumb Code    18  nrf_atfifo.o(.emb_text)
    __asm___12_nrf_atfifo_c_51f461e1__nrf_atfifo_space_clear 0x000782eb   Thumb Code    50  nrf_atfifo.o(.emb_text)
    __asm___19_nrf_fstorage_nvmc_c_c074401a__nrf_atomic_internal_mov 0x0007831d   Thumb Code    24  nrf_fstorage_nvmc.o(.emb_text)
    __asm___19_nrf_fstorage_nvmc_c_c074401a__nrf_atomic_internal_orr 0x00078335   Thumb Code    26  nrf_fstorage_nvmc.o(.emb_text)
    __asm___19_nrf_fstorage_nvmc_c_c074401a__nrf_atomic_internal_and 0x0007834f   Thumb Code    26  nrf_fstorage_nvmc.o(.emb_text)
    __asm___19_nrf_fstorage_nvmc_c_c074401a__nrf_atomic_internal_eor 0x00078369   Thumb Code    26  nrf_fstorage_nvmc.o(.emb_text)
    __asm___19_nrf_fstorage_nvmc_c_c074401a__nrf_atomic_internal_add 0x00078383   Thumb Code    26  nrf_fstorage_nvmc.o(.emb_text)
    __asm___19_nrf_fstorage_nvmc_c_c074401a__nrf_atomic_internal_sub 0x0007839d   Thumb Code    26  nrf_fstorage_nvmc.o(.emb_text)
    __asm___17_nrf_fstorage_sd_c_6e7dbfe9__nrf_atomic_internal_mov 0x000783b9   Thumb Code    24  nrf_fstorage_sd.o(.emb_text)
    __asm___17_nrf_fstorage_sd_c_6e7dbfe9__nrf_atomic_internal_orr 0x000783d1   Thumb Code    26  nrf_fstorage_sd.o(.emb_text)
    __asm___17_nrf_fstorage_sd_c_6e7dbfe9__nrf_atomic_internal_and 0x000783eb   Thumb Code    26  nrf_fstorage_sd.o(.emb_text)
    __asm___17_nrf_fstorage_sd_c_6e7dbfe9__nrf_atomic_internal_eor 0x00078405   Thumb Code    26  nrf_fstorage_sd.o(.emb_text)
    __asm___17_nrf_fstorage_sd_c_6e7dbfe9__nrf_atomic_internal_add 0x0007841f   Thumb Code    26  nrf_fstorage_sd.o(.emb_text)
    __asm___17_nrf_fstorage_sd_c_6e7dbfe9__nrf_atomic_internal_sub 0x00078439   Thumb Code    26  nrf_fstorage_sd.o(.emb_text)
    SVC_Handler                              0x00078455   Thumb Code    20  nrf_svc_handler.o(.emb_text)
    Reset_Handler                            0x00078469   Thumb Code     8  arm_startup_nrf52.o(.text)
    NMI_Handler                              0x00078471   Thumb Code     2  arm_startup_nrf52.o(.text)
    HardFault_Handler                        0x00078473   Thumb Code     2  arm_startup_nrf52.o(.text)
    MemoryManagement_Handler                 0x00078475   Thumb Code     2  arm_startup_nrf52.o(.text)
    BusFault_Handler                         0x00078477   Thumb Code     2  arm_startup_nrf52.o(.text)
    UsageFault_Handler                       0x00078479   Thumb Code     2  arm_startup_nrf52.o(.text)
    DebugMon_Handler                         0x0007847d   Thumb Code     2  arm_startup_nrf52.o(.text)
    PendSV_Handler                           0x0007847f   Thumb Code     2  arm_startup_nrf52.o(.text)
    SysTick_Handler                          0x00078481   Thumb Code     2  arm_startup_nrf52.o(.text)
    CCM_AAR_IRQHandler                       0x00078483   Thumb Code     0  arm_startup_nrf52.o(.text)
    COMP_LPCOMP_IRQHandler                   0x00078483   Thumb Code     0  arm_startup_nrf52.o(.text)
    ECB_IRQHandler                           0x00078483   Thumb Code     0  arm_startup_nrf52.o(.text)
    FPU_IRQHandler                           0x00078483   Thumb Code     0  arm_startup_nrf52.o(.text)
    GPIOTE_IRQHandler                        0x00078483   Thumb Code     0  arm_startup_nrf52.o(.text)
    I2S_IRQHandler                           0x00078483   Thumb Code     0  arm_startup_nrf52.o(.text)
    MWU_IRQHandler                           0x00078483   Thumb Code     0  arm_startup_nrf52.o(.text)
    NFCT_IRQHandler                          0x00078483   Thumb Code     0  arm_startup_nrf52.o(.text)
    PDM_IRQHandler                           0x00078483   Thumb Code     0  arm_startup_nrf52.o(.text)
    PWM0_IRQHandler                          0x00078483   Thumb Code     0  arm_startup_nrf52.o(.text)
    PWM1_IRQHandler                          0x00078483   Thumb Code     0  arm_startup_nrf52.o(.text)
    PWM2_IRQHandler                          0x00078483   Thumb Code     0  arm_startup_nrf52.o(.text)
    QDEC_IRQHandler                          0x00078483   Thumb Code     0  arm_startup_nrf52.o(.text)
    RADIO_IRQHandler                         0x00078483   Thumb Code     0  arm_startup_nrf52.o(.text)
    RNG_IRQHandler                           0x00078483   Thumb Code     0  arm_startup_nrf52.o(.text)
    RTC0_IRQHandler                          0x00078483   Thumb Code     0  arm_startup_nrf52.o(.text)
    RTC2_IRQHandler                          0x00078483   Thumb Code     0  arm_startup_nrf52.o(.text)
    SAADC_IRQHandler                         0x00078483   Thumb Code     0  arm_startup_nrf52.o(.text)
    SPIM0_SPIS0_TWIM0_TWIS0_SPI0_TWI0_IRQHandler 0x00078483   Thumb Code     0  arm_startup_nrf52.o(.text)
    SPIM1_SPIS1_TWIM1_TWIS1_SPI1_TWI1_IRQHandler 0x00078483   Thumb Code     0  arm_startup_nrf52.o(.text)
    SPIM2_SPIS2_SPI2_IRQHandler              0x00078483   Thumb Code     0  arm_startup_nrf52.o(.text)
    SWI1_EGU1_IRQHandler                     0x00078483   Thumb Code     0  arm_startup_nrf52.o(.text)
    SWI3_EGU3_IRQHandler                     0x00078483   Thumb Code     0  arm_startup_nrf52.o(.text)
    SWI4_EGU4_IRQHandler                     0x00078483   Thumb Code     0  arm_startup_nrf52.o(.text)
    SWI5_EGU5_IRQHandler                     0x00078483   Thumb Code     0  arm_startup_nrf52.o(.text)
    TEMP_IRQHandler                          0x00078483   Thumb Code     0  arm_startup_nrf52.o(.text)
    TIMER0_IRQHandler                        0x00078483   Thumb Code     0  arm_startup_nrf52.o(.text)
    TIMER1_IRQHandler                        0x00078483   Thumb Code     0  arm_startup_nrf52.o(.text)
    TIMER2_IRQHandler                        0x00078483   Thumb Code     0  arm_startup_nrf52.o(.text)
    TIMER3_IRQHandler                        0x00078483   Thumb Code     0  arm_startup_nrf52.o(.text)
    TIMER4_IRQHandler                        0x00078483   Thumb Code     0  arm_startup_nrf52.o(.text)
    UARTE0_UART0_IRQHandler                  0x00078483   Thumb Code     0  arm_startup_nrf52.o(.text)
    WDT_IRQHandler                           0x00078483   Thumb Code     0  arm_startup_nrf52.o(.text)
    __aeabi_llsl                             0x0007848d   Thumb Code    30  llshl.o(.text)
    _ll_shift_l                              0x0007848d   Thumb Code     0  llshl.o(.text)
    __aeabi_memcpy                           0x000784ab   Thumb Code    36  memcpya.o(.text)
    __aeabi_memcpy4                          0x000784ab   Thumb Code     0  memcpya.o(.text)
    __aeabi_memcpy8                          0x000784ab   Thumb Code     0  memcpya.o(.text)
    __aeabi_memset                           0x000784cf   Thumb Code    14  memseta.o(.text)
    __aeabi_memset4                          0x000784cf   Thumb Code     0  memseta.o(.text)
    __aeabi_memset8                          0x000784cf   Thumb Code     0  memseta.o(.text)
    __aeabi_memclr                           0x000784dd   Thumb Code     4  memseta.o(.text)
    __aeabi_memclr4                          0x000784dd   Thumb Code     0  memseta.o(.text)
    __aeabi_memclr8                          0x000784dd   Thumb Code     0  memseta.o(.text)
    memset                                   0x000784e1   Thumb Code    18  memseta.o(.text)
    memcmp                                   0x000784f3   Thumb Code    26  memcmp.o(.text)
    __scatterload                            0x0007850d   Thumb Code    28  init.o(.text)
    __scatterload_rt2                        0x0007850d   Thumb Code     0  init.o(.text)
    uECC_secp256r1                           0x00078821   Thumb Code     8  uECC.c.o(.text.uECC_secp256r1)
    uECC_verify                              0x00078829   Thumb Code   724  uECC.c.o(.text.uECC_verify)
    uECC_vli_add                             0x00078b01   Thumb Code    88  uECC.c.o(.text.uECC_vli_add)
    uECC_vli_clear                           0x00078b59   Thumb Code    24  uECC.c.o(.text.uECC_vli_clear)
    uECC_vli_equal                           0x00078b9b   Thumb Code    42  uECC.c.o(.text.uECC_vli_equal)
    uECC_vli_isZero                          0x00078bc5   Thumb Code    30  uECC.c.o(.text.uECC_vli_isZero)
    uECC_vli_mmod                            0x00078be5   Thumb Code   316  uECC.c.o(.text.uECC_vli_mmod)
    uECC_vli_modAdd                          0x00078d21   Thumb Code    50  uECC.c.o(.text.uECC_vli_modAdd)
    uECC_vli_modInv                          0x00078d53   Thumb Code   268  uECC.c.o(.text.uECC_vli_modInv)
    uECC_vli_modMult                         0x00078e5f   Thumb Code    36  uECC.c.o(.text.uECC_vli_modMult)
    uECC_vli_modMult_fast                    0x00078e83   Thumb Code    32  uECC.c.o(.text.uECC_vli_modMult_fast)
    uECC_vli_modSquare_fast                  0x00078ea3   Thumb Code    32  uECC.c.o(.text.uECC_vli_modSquare_fast)
    uECC_vli_modSub                          0x00078ec3   Thumb Code    36  uECC.c.o(.text.uECC_vli_modSub)
    uECC_vli_mult                            0x00078ee7   Thumb Code   786  uECC.c.o(.text.uECC_vli_mult)
    uECC_vli_numBits                         0x000791f9   Thumb Code    68  uECC.c.o(.text.uECC_vli_numBits)
    uECC_vli_rshift1                         0x0007923d   Thumb Code    26  uECC.c.o(.text.uECC_vli_rshift1)
    uECC_vli_set                             0x00079257   Thumb Code    26  uECC.c.o(.text.uECC_vli_set)
    uECC_vli_square                          0x00079271   Thumb Code   652  uECC.c.o(.text.uECC_vli_square)
    uECC_vli_sub                             0x00079501   Thumb Code    94  uECC.c.o(.text.uECC_vli_sub)
    uECC_vli_testBit                         0x00079561   Thumb Code    18  uECC.c.o(.text.uECC_vli_testBit)
    POWER_CLOCK_IRQHandler                   0x00079841   Thumb Code    84  nrf_drv_clock.o(i.POWER_CLOCK_IRQHandler)
    RTC1_IRQHandler                          0x00079899   Thumb Code    32  app_timer.o(i.RTC1_IRQHandler)
    SWI0_EGU0_IRQHandler                     0x000798bd   Thumb Code     4  app_timer.o(i.SWI0_EGU0_IRQHandler)
    SWI2_EGU2_IRQHandler                     0x000798c1   Thumb Code    26  nrf_sdh.o(i.SWI2_EGU2_IRQHandler)
    SystemInit                               0x000798e1   Thumb Code   700  system_nrf52.o(i.SystemInit)
    __scatterload_copy                       0x00079bdd   Thumb Code    14  handlers.o(i.__scatterload_copy)
    __scatterload_null                       0x00079beb   Thumb Code     2  handlers.o(i.__scatterload_null)
    __scatterload_zeroinit                   0x00079bed   Thumb Code    14  handlers.o(i.__scatterload_zeroinit)
    app_error_fault_handler                  0x00079ced   Thumb Code     4  main.o(i.app_error_fault_handler)
    app_error_handler_bare                   0x00079cf1   Thumb Code     4  main.o(i.app_error_handler_bare)
    app_sched_event_put                      0x00079cf5   Thumb Code   154  app_scheduler.o(i.app_sched_event_put)
    app_sched_execute                        0x00079d95   Thumb Code    58  app_scheduler.o(i.app_sched_execute)
    app_sched_init                           0x00079dd5   Thumb Code    40  app_scheduler.o(i.app_sched_init)
    app_timer_create                         0x00079e01   Thumb Code    32  app_timer.o(i.app_timer_create)
    app_timer_init                           0x00079e25   Thumb Code    70  app_timer.o(i.app_timer_init)
    app_timer_start                          0x00079e79   Thumb Code   128  app_timer.o(i.app_timer_start)
    app_timer_stop                           0x00079f01   Thumb Code    26  app_timer.o(i.app_timer_stop)
    app_util_critical_region_enter           0x00079f21   Thumb Code    64  app_util_platform.o(i.app_util_critical_region_enter)
    app_util_critical_region_exit            0x00079f69   Thumb Code    46  app_util_platform.o(i.app_util_critical_region_exit)
    ble_dfu_init                             0x00079fa1   Thumb Code    92  nrf_ble_dfu.o(i.ble_dfu_init)
    ble_dfu_transport_close                  0x0007a005   Thumb Code    54  nrf_ble_dfu.o(i.ble_dfu_transport_close)
    ble_dfu_transport_init                   0x0007a045   Thumb Code    88  nrf_ble_dfu.o(i.ble_dfu_transport_init)
    ble_srv_is_notification_enabled          0x0007a1f9   Thumb Code     8  ble_srv_common.o(i.ble_srv_is_notification_enabled)
    bsp_board_led_off                        0x0007a279   Thumb Code    10  boards.o(i.bsp_board_led_off)
    bsp_board_led_on                         0x0007a289   Thumb Code    10  boards.o(i.bsp_board_led_on)
    bsp_board_leds_init                      0x0007a299   Thumb Code    38  boards.o(i.bsp_board_leds_init)
    bsp_board_leds_off                       0x0007a2c5   Thumb Code    18  boards.o(i.bsp_board_leds_off)
    crc32_compute                            0x0007a3c9   Thumb Code    54  crc32.o(i.crc32_compute)
    dfu_fstorage_evt_handler                 0x0007a655   Thumb Code    22  nrf_dfu_flash.o(i.dfu_fstorage_evt_handler)
    ext_error_get                            0x0007a9f1   Thumb Code    10  nrf_dfu_handling_error.o(i.ext_error_get)
    ext_error_set                            0x0007aa01   Thumb Code     8  nrf_dfu_handling_error.o(i.ext_error_set)
    main                                     0x0007acc5   Thumb Code    44  main.o(i.main)
    nrf_atfifo_clear                         0x0007acf9   Thumb Code    16  nrf_atfifo.o(i.nrf_atfifo_clear)
    nrf_atfifo_init                          0x0007ad09   Thumb Code    38  nrf_atfifo.o(i.nrf_atfifo_init)
    nrf_atfifo_item_alloc                    0x0007ad2f   Thumb Code    22  nrf_atfifo.o(i.nrf_atfifo_item_alloc)
    nrf_atfifo_item_free                     0x0007ad45   Thumb Code    22  nrf_atfifo.o(i.nrf_atfifo_item_free)
    nrf_atfifo_item_get                      0x0007ad5b   Thumb Code    22  nrf_atfifo.o(i.nrf_atfifo_item_get)
    nrf_atfifo_item_put                      0x0007ad71   Thumb Code    22  nrf_atfifo.o(i.nrf_atfifo_item_put)
    nrf_bootloader_app_start                 0x0007ada1   Thumb Code    46  nrf_bootloader_app_start.o(i.nrf_bootloader_app_start)
    nrf_bootloader_init                      0x0007adcf   Thumb Code    16  nrf_bootloader.o(i.nrf_bootloader_init)
    nrf_crypto_ecdsa_sizes_get               0x0007ae19   Thumb Code   120  nrf_crypto_ecdsa.o(i.nrf_crypto_ecdsa_sizes_get)
    nrf_crypto_ecdsa_verify_hash             0x0007ae91   Thumb Code   146  micro_ecc_lib_ecdsa.o(i.nrf_crypto_ecdsa_verify_hash)
    nrf_crypto_hash_compute                  0x0007af25   Thumb Code   110  nrf_crypto_sw_hash.o(i.nrf_crypto_hash_compute)
    nrf_crypto_hash_finalize                 0x0007af99   Thumb Code    70  nrf_crypto_sw_hash.o(i.nrf_crypto_hash_finalize)
    nrf_crypto_hash_init                     0x0007afdf   Thumb Code    40  nrf_crypto_sw_hash.o(i.nrf_crypto_hash_init)
    nrf_crypto_hash_size_get                 0x0007b007   Thumb Code    46  nrf_crypto_hash.o(i.nrf_crypto_hash_size_get)
    nrf_crypto_hash_update                   0x0007b035   Thumb Code    24  nrf_crypto_sw_hash.o(i.nrf_crypto_hash_update)
    nrf_dfu_app_is_valid                     0x0007b201   Thumb Code    42  nrf_dfu_utils.o(i.nrf_dfu_app_is_valid)
    nrf_dfu_button_enter_check               0x0007b289   Thumb Code    24  main.o(i.nrf_dfu_button_enter_check)
    nrf_dfu_continue                         0x0007b3cd   Thumb Code    46  nrf_dfu_utils.o(i.nrf_dfu_continue)
    nrf_dfu_enter_check                      0x0007b6c9   Thumb Code    50  nrf_dfu.o(i.nrf_dfu_enter_check)
    nrf_dfu_find_cache                       0x0007b705   Thumb Code   108  nrf_dfu_utils.o(i.nrf_dfu_find_cache)
    nrf_dfu_flash_erase                      0x0007b775   Thumb Code    24  nrf_dfu_flash.o(i.nrf_dfu_flash_erase)
    nrf_dfu_flash_init                       0x0007b795   Thumb Code    16  nrf_dfu_flash.o(i.nrf_dfu_flash_init)
    nrf_dfu_flash_store                      0x0007b7b1   Thumb Code    26  nrf_dfu_flash.o(i.nrf_dfu_flash_store)
    nrf_dfu_init                             0x0007b7d5   Thumb Code   188  nrf_dfu.o(i.nrf_dfu_init)
    nrf_dfu_init_user                        0x0007b8a5   Thumb Code     4  nrf_bootloader.o(i.nrf_dfu_init_user)
    nrf_dfu_mbr_compare                      0x0007b8c1   Thumb Code    24  nrf_dfu_mbr.o(i.nrf_dfu_mbr_compare)
    nrf_dfu_mbr_copy_bl                      0x0007b8dd   Thumb Code    22  nrf_dfu_mbr.o(i.nrf_dfu_mbr_copy_bl)
    nrf_dfu_mbr_copy_sd                      0x0007b8f5   Thumb Code    32  nrf_dfu_mbr.o(i.nrf_dfu_mbr_copy_sd)
    nrf_dfu_mbr_init_sd                      0x0007b919   Thumb Code    18  nrf_dfu_mbr.o(i.nrf_dfu_mbr_init_sd)
    nrf_dfu_req_handler_init                 0x0007bad1   Thumb Code    74  dfu_req_handling.o(i.nrf_dfu_req_handler_init)
    nrf_dfu_req_handler_on_req               0x0007bb25   Thumb Code    58  dfu_req_handling.o(i.nrf_dfu_req_handler_on_req)
    nrf_dfu_req_handler_reset_if_dfu_complete 0x0007bb65   Thumb Code    14  dfu_req_handling.o(i.nrf_dfu_req_handler_reset_if_dfu_complete)
    nrf_dfu_reset_timeout_handler            0x0007bb79   Thumb Code    26  nrf_dfu_utils.o(i.nrf_dfu_reset_timeout_handler)
    nrf_dfu_settings_additional_erase        0x0007bca1   Thumb Code    46  nrf_dfu_settings_svci.o(i.nrf_dfu_settings_additional_erase)
    nrf_dfu_settings_adv_name_copy           0x0007bcd5   Thumb Code    20  nrf_dfu_settings_svci.o(i.nrf_dfu_settings_adv_name_copy)
    nrf_dfu_settings_adv_name_is_valid       0x0007bced   Thumb Code    28  nrf_dfu_settings_svci.o(i.nrf_dfu_settings_adv_name_is_valid)
    nrf_dfu_settings_adv_name_write          0x0007bd0d   Thumb Code    50  nrf_dfu_settings_svci.o(i.nrf_dfu_settings_adv_name_write)
    nrf_dfu_settings_init                    0x0007bd55   Thumb Code    76  nrf_dfu_settings.o(i.nrf_dfu_settings_init)
    nrf_dfu_settings_write                   0x0007bda9   Thumb Code    58  nrf_dfu_settings.o(i.nrf_dfu_settings_write)
    nrf_dfu_transports_close                 0x0007bdf1   Thumb Code    36  nrf_dfu_transport.o(i.nrf_dfu_transports_close)
    nrf_dfu_transports_init                  0x0007be1d   Thumb Code    34  nrf_dfu_transport.o(i.nrf_dfu_transports_init)
    nrf_drv_clock_init                       0x0007be49   Thumb Code    64  nrf_drv_clock.o(i.nrf_drv_clock_init)
    nrf_drv_clock_lfclk_release              0x0007be91   Thumb Code    40  nrf_drv_clock.o(i.nrf_drv_clock_lfclk_release)
    nrf_drv_clock_lfclk_request              0x0007bebd   Thumb Code    96  nrf_drv_clock.o(i.nrf_drv_clock_lfclk_request)
    nrf_drv_clock_uninit                     0x0007bf25   Thumb Code    34  nrf_drv_clock.o(i.nrf_drv_clock_uninit)
    nrf_drv_common_clock_irq_disable         0x0007bf4d   Thumb Code    12  nrf_drv_common.o(i.nrf_drv_common_clock_irq_disable)
    nrf_drv_common_irq_enable                0x0007bf59   Thumb Code    56  nrf_drv_common.o(i.nrf_drv_common_irq_enable)
    nrf_fstorage_erase                       0x0007bf91   Thumb Code    78  nrf_fstorage.o(i.nrf_fstorage_erase)
    nrf_fstorage_init                        0x0007bfdf   Thumb Code    16  nrf_fstorage.o(i.nrf_fstorage_init)
    nrf_fstorage_sdh_req_handler             0x0007bff1   Thumb Code    18  nrf_fstorage_sd.o(i.nrf_fstorage_sdh_req_handler)
    nrf_fstorage_sdh_state_handler           0x0007c009   Thumb Code    28  nrf_fstorage_sd.o(i.nrf_fstorage_sdh_state_handler)
    nrf_fstorage_sys_evt_handler             0x0007c029   Thumb Code   146  nrf_fstorage_sd.o(i.nrf_fstorage_sys_evt_handler)
    nrf_fstorage_write                       0x0007c0c9   Thumb Code   102  nrf_fstorage.o(i.nrf_fstorage_write)
    nrf_nvmc_page_erase                      0x0007c189   Thumb Code    40  nrf_nvmc.o(i.nrf_nvmc_page_erase)
    nrf_nvmc_write_words                     0x0007c1b9   Thumb Code    58  nrf_nvmc.o(i.nrf_nvmc_write_words)
    nrf_sdh_ble_app_ram_start_get            0x0007c1fd   Thumb Code    16  nrf_sdh_ble.o(i.nrf_sdh_ble_app_ram_start_get)
    nrf_sdh_ble_enable                       0x0007c211   Thumb Code     4  nrf_sdh_ble.o(i.nrf_sdh_ble_enable)
    nrf_sdh_disable_request                  0x0007c265   Thumb Code    54  nrf_sdh.o(i.nrf_sdh_disable_request)
    nrf_sdh_enable_request                   0x0007c2a1   Thumb Code    96  nrf_sdh.o(i.nrf_sdh_enable_request)
    nrf_sdh_evts_poll                        0x0007c30d   Thumb Code    32  nrf_sdh.o(i.nrf_sdh_evts_poll)
    nrf_sdh_is_enabled                       0x0007c331   Thumb Code     6  nrf_sdh.o(i.nrf_sdh_is_enabled)
    nrf_sdh_request_continue                 0x0007c33d   Thumb Code    22  nrf_sdh.o(i.nrf_sdh_request_continue)
    nrf_section_iter_init                    0x0007c395   Thumb Code    10  nrf_section_iter.o(i.nrf_section_iter_init)
    nrf_section_iter_next                    0x0007c3c3   Thumb Code    32  nrf_section_iter.o(i.nrf_section_iter_next)
    nrf_svc_handler_c                        0x0007c3e5   Thumb Code    84  nrf_svc_handler.o(i.nrf_svc_handler_c)
    pb_decode                                0x0007c845   Thumb Code    30  pb_decode.o(i.pb_decode)
    pb_decode_fixed32                        0x0007c863   Thumb Code    32  pb_decode.o(i.pb_decode_fixed32)
    pb_decode_fixed64                        0x0007c883   Thumb Code    92  pb_decode.o(i.pb_decode_fixed64)
    pb_decode_noinit                         0x0007c8e1   Thumb Code   390  pb_decode.o(i.pb_decode_noinit)
    pb_decode_svarint                        0x0007ca67   Thumb Code    58  pb_decode.o(i.pb_decode_svarint)
    pb_decode_tag                            0x0007caa1   Thumb Code    66  pb_decode.o(i.pb_decode_tag)
    pb_decode_varint                         0x0007cae3   Thumb Code    74  pb_decode.o(i.pb_decode_varint)
    pb_field_iter_begin                      0x0007cb9d   Thumb Code    34  pb_common.o(i.pb_field_iter_begin)
    pb_field_iter_find                       0x0007cbbf   Thumb Code    46  pb_common.o(i.pb_field_iter_find)
    pb_field_iter_next                       0x0007cbed   Thumb Code   128  pb_common.o(i.pb_field_iter_next)
    pb_istream_from_buffer                   0x0007cd11   Thumb Code    14  pb_decode.o(i.pb_istream_from_buffer)
    pb_make_string_substream                 0x0007cd25   Thumb Code    54  pb_decode.o(i.pb_make_string_substream)
    pb_read                                  0x0007cd81   Thumb Code    84  pb_decode.o(i.pb_read)
    pb_skip_field                            0x0007cdf9   Thumb Code    90  pb_decode.o(i.pb_skip_field)
    sha256_final                             0x0007d271   Thumb Code   272  sha256.o(i.sha256_final)
    sha256_init                              0x0007d381   Thumb Code    50  sha256.o(i.sha256_init)
    sha256_transform                         0x0007d3d5   Thumb Code   294  sha256.o(i.sha256_transform)
    sha256_update                            0x0007d501   Thumb Code    84  sha256.o(i.sha256_update)
    dfu_init_command_is_debug_default        0x0007d8d0   Data           1  dfu-cc.pb.o(.constdata)
    dfu_hash_fields                          0x0007d8d4   Data          36  dfu-cc.pb.o(.constdata)
    dfu_init_command_fields                  0x0007d8f8   Data         120  dfu-cc.pb.o(.constdata)
    dfu_reset_command_fields                 0x0007d970   Data          24  dfu-cc.pb.o(.constdata)
    dfu_command_fields                       0x0007d988   Data          48  dfu-cc.pb.o(.constdata)
    dfu_signed_command_fields                0x0007d9b8   Data          48  dfu-cc.pb.o(.constdata)
    dfu_packet_fields                        0x0007d9e8   Data          36  dfu-cc.pb.o(.constdata)
    hash_info_sha256                         0x0007da0c   Data           2  dfu_req_handling.o(.constdata)
    sig_info_p256                            0x0007da0e   Data           3  dfu_req_handling.o(.constdata)
    pk                                       0x0007da18   Data          64  dfu_public_key.o(.constdata)
    nrf_dfu_inactivity_timeout_timer_id      0x0007da88   Data           4  nrf_dfu.o(.constdata)
    nrf_dfu_post_sd_bl_timeout_timer_id      0x0007dacc   Data           4  nrf_dfu_utils.o(.constdata)
    nrf_fstorage_nvmc                        0x0007dae4   Data          32  nrf_fstorage_nvmc.o(.constdata)
    nrf_fstorage_sd                          0x0007db14   Data          32  nrf_fstorage_sd.o(.constdata)
    m_ram_start                              0x0007dcac   Data           4  nrf_sdh_ble.o(.constdata)
    Region$$Table$$Base                      0x0007ddac   Number         0  anon$$obj.o(Region$$Table)
    Region$$Table$$Limit                     0x0007ddcc   Number         0  anon$$obj.o(Region$$Table)
    dfu_trans                                0x0007ddcc   Data           8  nrf_ble_dfu.o(dfu_trans)
    dfu_trans$$Base                          0x0007ddcc   Number         0  nrf_ble_dfu.o(dfu_trans)
    dfu_trans$$Limit                         0x0007ddd4   Number         0  nrf_ble_dfu.o(dfu_trans)
    sdh_ble_observers2$$Base                 0x0007ddd4   Number         0  nrf_ble_dfu.o(sdh_ble_observers2)
    m_req_obs                                0x0007dddc   Data           8  nrf_fstorage_sd.o(sdh_req_observers0)
    sdh_ble_observers2$$Limit                0x0007dddc   Number         0  nrf_ble_dfu.o(sdh_ble_observers2)
    sdh_req_observers0$$Base                 0x0007dddc   Number         0  nrf_fstorage_sd.o(sdh_req_observers0)
    sdh_req_observers0$$Limit                0x0007dde4   Number         0  nrf_fstorage_sd.o(sdh_req_observers0)
    sdh_soc_observers0$$Base                 0x0007dde4   Number         0  nrf_drv_clock.o(sdh_soc_observers0)
    sdh_soc_observers0$$Limit                0x0007ddf4   Number         0  nrf_fstorage_sd.o(sdh_soc_observers0)
    sdh_stack_observers0$$Base               0x0007ddf4   Number         0  nrf_sdh_ble.o(sdh_stack_observers0)
    sdh_stack_observers0$$Limit              0x0007de04   Number         0  nrf_sdh_soc.o(sdh_stack_observers0)
    sdh_state_observers0$$Base               0x0007de04   Number         0  nrf_drv_clock.o(sdh_state_observers0)
    nrf_dfu_set_adv_name_var                 0x0007de14   Data          12  nrf_dfu_svci_handler.o(svc_data)
    sdh_state_observers0$$Limit              0x0007de14   Number         0  nrf_fstorage_sd.o(sdh_state_observers0)
    svc_data$$Base                           0x0007de14   Number         0  nrf_dfu_svci_handler.o(svc_data)
    svc_data$$Limit                          0x0007de20   Number         0  nrf_dfu_svci_handler.o(svc_data)
    m_mbr_params_page                        0x0007e000   Data        4096  nrf_dfu_settings.o(.ARM.__AT_0x0007E000)
    m_dfu_settings_buffer                    0x0007f000   Data        4096  nrf_dfu_settings.o(.ARM.__AT_0x0007F000)
    m_uicr_bootloader_start_address          0x10001014   Data           4  nrf_bootloader_info.o(.ARM.__AT_0x10001014)
    m_uicr_mbr_params_page_address           0x10001018   Data           4  nrf_dfu_settings.o(.ARM.__AT_0x10001018)
    Image$$RW_IRAM1$$Base                    0x20002830   Number         0  anon$$obj.o ABSOLUTE
    SystemCoreClock                          0x200028b0   Data           4  system_nrf52.o(.data)
    fs_data$$Base                            0x200028b4   Number         0  nrf_dfu_flash.o(fs_data)
    m_fs                                     0x200028b4   Data          20  nrf_dfu_flash.o(fs_data)
    fs_data$$Limit                           0x200028c8   Number         0  nrf_dfu_flash.o(fs_data)
    s_dfu_settings                           0x20003030   Data         440  nrf_dfu_settings.o(.bss)
    nrf_nvic_state                           0x20003328   Data          12  app_util_platform.o(.bss)
    __initial_sp                             0x20005458   Data           0  arm_startup_nrf52.o(STACK)



==============================================================================

Memory Map of the image

  Image Entry point : 0x00078201

  Load Region LR_IROM1 (Base: 0x00078000, Size: 0x00005eb8, Max: 0x00006000, ABSOLUTE)

    Execution Region ER_IROM1 (Base: 0x00078000, Size: 0x00005e20, Max: 0x00006000, ABSOLUTE)

    Base Addr    Size         Type   Attr      Idx    E Section Name        Object

    0x00078000   0x00000200   Data   RO         3692    RESET               arm_startup_nrf52.o
    0x00078200   0x00000000   Code   RO         3828  * .ARM.Collect$$$$00000000  mc_w.l(entry.o)
    0x00078200   0x00000004   Code   RO         3845    .ARM.Collect$$$$00000001  mc_w.l(entry2.o)
    0x00078204   0x00000004   Code   RO         3848    .ARM.Collect$$$$00000004  mc_w.l(entry5.o)
    0x00078208   0x00000000   Code   RO         3850    .ARM.Collect$$$$00000008  mc_w.l(entry7b.o)
    0x00078208   0x00000000   Code   RO         3852    .ARM.Collect$$$$0000000A  mc_w.l(entry8b.o)
    0x00078208   0x00000008   Code   RO         3853    .ARM.Collect$$$$0000000B  mc_w.l(entry9a.o)
    0x00078210   0x00000000   Code   RO         3855    .ARM.Collect$$$$0000000D  mc_w.l(entry10a.o)
    0x00078210   0x00000000   Code   RO         3857    .ARM.Collect$$$$0000000F  mc_w.l(entry11a.o)
    0x00078210   0x00000004   Code   RO         3846    .ARM.Collect$$$$00002712  mc_w.l(entry2.o)
    0x00078214   0x00000040   Code   RO          906    .emb_text           nrf_bootloader_app_start_asm.o
    0x00078254   0x000000c8   Code   RO         2697    .emb_text           nrf_atfifo.o
    0x0007831c   0x0000009a   Code   RO         2835    .emb_text           nrf_fstorage_nvmc.o
    0x000783b6   0x00000002   PAD
    0x000783b8   0x0000009a   Code   RO         2929    .emb_text           nrf_fstorage_sd.o
    0x00078452   0x00000002   PAD
    0x00078454   0x00000014   Code   RO         3246    .emb_text           nrf_svc_handler.o
    0x00078468   0x00000024   Code   RO         3693    .text               arm_startup_nrf52.o
    0x0007848c   0x0000001e   Code   RO         3831    .text               mc_w.l(llshl.o)
    0x000784aa   0x00000024   Code   RO         3833    .text               mc_w.l(memcpya.o)
    0x000784ce   0x00000024   Code   RO         3837    .text               mc_w.l(memseta.o)
    0x000784f2   0x0000001a   Code   RO         3841    .text               mc_w.l(memcmp.o)
    0x0007850c   0x00000024   Code   RO         3859    .text               mc_w.l(init.o)
    0x00078530   0x000000ca   Code   RO         3780    .text.XYcZ_add      micro_ecc_lib_nrf52.lib(uECC.c.o)
    0x000785fa   0x0000003e   Code   RO         3781    .text.apply_z       micro_ecc_lib_nrf52.lib(uECC.c.o)
    0x00078638   0x0000000c   Code   RO         3736    .text.bcopy         micro_ecc_lib_nrf52.lib(uECC.c.o)
    0x00078644   0x00000088   Code   RO         3753    .text.bits2int      micro_ecc_lib_nrf52.lib(uECC.c.o)
    0x000786cc   0x00000154   Code   RO         3776    .text.double_jacobian_default  micro_ecc_lib_nrf52.lib(uECC.c.o)
    0x00078820   0x00000008   Code   RO         3788    .text.uECC_secp256r1  micro_ecc_lib_nrf52.lib(uECC.c.o)
    0x00078828   0x000002d4   Code   RO         3801    .text.uECC_verify   micro_ecc_lib_nrf52.lib(uECC.c.o)
    0x00078afc   0x00000004   PAD
    0x00078b00   0x00000058   Code   RO         3742    .text.uECC_vli_add  micro_ecc_lib_nrf52.lib(uECC.c.o)
    0x00078b58   0x00000018   Code   RO         3751    .text.uECC_vli_clear  micro_ecc_lib_nrf52.lib(uECC.c.o)
    0x00078b70   0x0000002a   Code   RO         3737    .text.uECC_vli_cmp_unsafe  micro_ecc_lib_nrf52.lib(uECC.c.o)
    0x00078b9a   0x0000002a   Code   RO         3762    .text.uECC_vli_equal  micro_ecc_lib_nrf52.lib(uECC.c.o)
    0x00078bc4   0x0000001e   Code   RO         3754    .text.uECC_vli_isZero  micro_ecc_lib_nrf52.lib(uECC.c.o)
    0x00078be2   0x00000002   PAD
    0x00078be4   0x0000013c   Code   RO         3770    .text.uECC_vli_mmod  micro_ecc_lib_nrf52.lib(uECC.c.o)
    0x00078d20   0x00000032   Code   RO         3768    .text.uECC_vli_modAdd  micro_ecc_lib_nrf52.lib(uECC.c.o)
    0x00078d52   0x0000010c   Code   RO         3782    .text.uECC_vli_modInv  micro_ecc_lib_nrf52.lib(uECC.c.o)
    0x00078e5e   0x00000024   Code   RO         3771    .text.uECC_vli_modMult  micro_ecc_lib_nrf52.lib(uECC.c.o)
    0x00078e82   0x00000020   Code   RO         3772    .text.uECC_vli_modMult_fast  micro_ecc_lib_nrf52.lib(uECC.c.o)
    0x00078ea2   0x00000020   Code   RO         3774    .text.uECC_vli_modSquare_fast  micro_ecc_lib_nrf52.lib(uECC.c.o)
    0x00078ec2   0x00000024   Code   RO         3769    .text.uECC_vli_modSub  micro_ecc_lib_nrf52.lib(uECC.c.o)
    0x00078ee6   0x00000312   Code   RO         3745    .text.uECC_vli_mult  micro_ecc_lib_nrf52.lib(uECC.c.o)
    0x000791f8   0x00000044   Code   RO         3757    .text.uECC_vli_numBits  micro_ecc_lib_nrf52.lib(uECC.c.o)
    0x0007923c   0x0000001a   Code   RO         3764    .text.uECC_vli_rshift1  micro_ecc_lib_nrf52.lib(uECC.c.o)
    0x00079256   0x0000001a   Code   RO         3758    .text.uECC_vli_set  micro_ecc_lib_nrf52.lib(uECC.c.o)
    0x00079270   0x0000028c   Code   RO         3746    .text.uECC_vli_square  micro_ecc_lib_nrf52.lib(uECC.c.o)
    0x000794fc   0x00000004   PAD
    0x00079500   0x00000060   Code   RO         3744    .text.uECC_vli_sub  micro_ecc_lib_nrf52.lib(uECC.c.o)
    0x00079560   0x00000012   Code   RO         3755    .text.uECC_vli_testBit  micro_ecc_lib_nrf52.lib(uECC.c.o)
    0x00079572   0x00000002   PAD
    0x00079574   0x000001b0   Code   RO         3761    .text.vli_mmod_fast_secp256r1  micro_ecc_lib_nrf52.lib(uECC.c.o)
    0x00079724   0x0000003a   Code   RO         3765    .text.vli_modInv_update  micro_ecc_lib_nrf52.lib(uECC.c.o)
    0x0007975e   0x0000005a   Code   RO         3775    .text.x_side_default  micro_ecc_lib_nrf52.lib(uECC.c.o)
    0x000797b8   0x00000016   Code   RO         2256    i.NVIC_ClearPendingIRQ  app_timer.o
    0x000797ce   0x00000016   Code   RO         2257    i.NVIC_EnableIRQ    app_timer.o
    0x000797e4   0x00000016   Code   RO         2258    i.NVIC_SetPendingIRQ  app_timer.o
    0x000797fa   0x00000020   Code   RO         2259    i.NVIC_SetPriority  app_timer.o
    0x0007981a   0x00000002   PAD
    0x0007981c   0x00000024   Code   RO          381    i.NVIC_SystemReset  main.o
    0x00079840   0x00000058   Code   RO         1898    i.POWER_CLOCK_IRQHandler  nrf_drv_clock.o
    0x00079898   0x00000024   Code   RO         2260    i.RTC1_IRQHandler   app_timer.o
    0x000798bc   0x00000004   Code   RO         2261    i.SWI0_EGU0_IRQHandler  app_timer.o
    0x000798c0   0x00000020   Code   RO         3275    i.SWI2_EGU2_IRQHandler  nrf_sdh.o
    0x000798e0   0x000002fc   Code   RO         3701    i.SystemInit        system_nrf52.o
    0x00079bdc   0x0000000e   Code   RO         3863    i.__scatterload_copy  mc_w.l(handlers.o)
    0x00079bea   0x00000002   Code   RO         3864    i.__scatterload_null  mc_w.l(handlers.o)
    0x00079bec   0x0000000e   Code   RO         3865    i.__scatterload_zeroinit  mc_w.l(handlers.o)
    0x00079bfa   0x00000002   PAD
    0x00079bfc   0x00000024   Code   RO         3276    i.__sd_nvic_app_accessible_irq  nrf_sdh.o
    0x00079c20   0x00000016   Code   RO         3277    i.__sd_nvic_is_app_accessible_priority  nrf_sdh.o
    0x00079c36   0x0000000c   Code   RO         2767    i.addr_is_aligned32  nrf_fstorage.o
    0x00079c42   0x00000018   Code   RO         2768    i.addr_within_bounds  nrf_fstorage.o
    0x00079c5a   0x00000002   PAD
    0x00079c5c   0x00000090   Code   RO          668    i.advertising_start  nrf_ble_dfu.o
    0x00079cec   0x00000004   Code   RO          382    i.app_error_fault_handler  main.o
    0x00079cf0   0x00000004   Code   RO          383    i.app_error_handler_bare  main.o
    0x00079cf4   0x000000a0   Code   RO         2209    i.app_sched_event_put  app_scheduler.o
    0x00079d94   0x00000040   Code   RO         2210    i.app_sched_execute  app_scheduler.o
    0x00079dd4   0x0000002c   Code   RO         2211    i.app_sched_init    app_scheduler.o
    0x00079e00   0x00000024   Code   RO         2264    i.app_timer_create  app_timer.o
    0x00079e24   0x00000054   Code   RO         2265    i.app_timer_init    app_timer.o
    0x00079e78   0x00000088   Code   RO         2268    i.app_timer_start   app_timer.o
    0x00079f00   0x00000020   Code   RO         2269    i.app_timer_stop    app_timer.o
    0x00079f20   0x00000048   Code   RO         2425    i.app_util_critical_region_enter  app_util_platform.o
    0x00079f68   0x00000034   Code   RO         2426    i.app_util_critical_region_exit  app_util_platform.o
    0x00079f9c   0x00000004   Code   RO         3278    i.appsh_events_poll  nrf_sdh.o
    0x00079fa0   0x00000064   Code   RO          669    i.ble_dfu_init      nrf_ble_dfu.o
    0x0007a004   0x00000040   Code   RO          670    i.ble_dfu_transport_close  nrf_ble_dfu.o
    0x0007a044   0x00000060   Code   RO          671    i.ble_dfu_transport_init  nrf_ble_dfu.o
    0x0007a0a4   0x00000154   Code   RO          672    i.ble_evt_handler   nrf_ble_dfu.o
    0x0007a1f8   0x00000008   Code   RO          590    i.ble_srv_is_notification_enabled  ble_srv_common.o
    0x0007a200   0x00000078   Code   RO          673    i.ble_stack_init    nrf_ble_dfu.o
    0x0007a278   0x00000010   Code   RO          480    i.bsp_board_led_off  boards.o
    0x0007a288   0x00000010   Code   RO          481    i.bsp_board_led_on  boards.o
    0x0007a298   0x0000002c   Code   RO          483    i.bsp_board_leds_init  boards.o
    0x0007a2c4   0x00000012   Code   RO          484    i.bsp_board_leds_off  boards.o
    0x0007a2d6   0x0000001c   Code   RO         3517    i.buf_read          pb_decode.o
    0x0007a2f2   0x00000002   PAD
    0x0007a2f4   0x00000028   Code   RO         1899    i.clock_clk_started_notify  nrf_drv_clock.o
    0x0007a31c   0x000000ac   Code   RO         2271    i.compare_reg_update  app_timer.o
    0x0007a3c8   0x0000003c   Code   RO         2493    i.crc32_compute     crc32.o
    0x0007a404   0x0000007e   Code   RO         3518    i.decode_callback_field  pb_decode.o
    0x0007a482   0x0000001a   Code   RO         3519    i.decode_field      pb_decode.o
    0x0007a49c   0x000000e0   Code   RO         3520    i.decode_static_field  pb_decode.o
    0x0007a57c   0x00000084   Code   RO          674    i.dfu_ctrl_pt_add   nrf_ble_dfu.o
    0x0007a600   0x00000054   Code   RO           39    i.dfu_decode_commmand  dfu_req_handling.o
    0x0007a654   0x0000001c   Code   RO         1015    i.dfu_fstorage_evt_handler  nrf_dfu_flash.o
    0x0007a670   0x000001a0   Code   RO           40    i.dfu_handle_prevalidate  dfu_req_handling.o
    0x0007a810   0x00000082   Code   RO          675    i.dfu_pkt_char_add  nrf_ble_dfu.o
    0x0007a892   0x00000002   PAD
    0x0007a894   0x00000040   Code   RO         2272    i.elapsed_ticks_acquire  app_timer.o
    0x0007a8d4   0x00000048   Code   RO         2836    i.erase             nrf_fstorage_nvmc.o
    0x0007a91c   0x0000004c   Code   RO         2930    i.erase             nrf_fstorage_sd.o
    0x0007a968   0x00000038   Code   RO         2837    i.event_send        nrf_fstorage_nvmc.o
    0x0007a9a0   0x0000004e   Code   RO         2931    i.event_send        nrf_fstorage_sd.o
    0x0007a9ee   0x00000002   PAD
    0x0007a9f0   0x00000010   Code   RO         1082    i.ext_error_get     nrf_dfu_handling_error.o
    0x0007aa00   0x0000000c   Code   RO         1083    i.ext_error_set     nrf_dfu_handling_error.o
    0x0007aa0c   0x00000088   Code   RO          676    i.gap_params_init   nrf_ble_dfu.o
    0x0007aa94   0x0000002c   Code   RO         1900    i.hfclk_stop        nrf_drv_clock.o
    0x0007aac0   0x00000030   Code   RO           41    i.inactivity_timer_restart  dfu_req_handling.o
    0x0007aaf0   0x0000000c   Code   RO         2838    i.init              nrf_fstorage_nvmc.o
    0x0007aafc   0x00000038   Code   RO         2932    i.init              nrf_fstorage_sd.o
    0x0007ab34   0x00000010   Code   RO         2839    i.is_busy           nrf_fstorage_nvmc.o
    0x0007ab44   0x00000010   Code   RO         2933    i.is_busy           nrf_fstorage_sd.o
    0x0007ab54   0x0000000c   Code   RO         1691    i.is_word_aligned   micro_ecc_lib_ecdsa.o
    0x0007ab60   0x00000016   Code   RO         1901    i.item_enqueue      nrf_drv_clock.o
    0x0007ab76   0x0000002e   Code   RO         3521    i.iter_from_extension  pb_decode.o
    0x0007aba4   0x00000028   Code   RO         1902    i.lfclk_stop        nrf_drv_clock.o
    0x0007abcc   0x000000f8   Code   RO         2273    i.list_insertions_handler  app_timer.o
    0x0007acc4   0x00000034   Code   RO          384    i.main              main.o
    0x0007acf8   0x00000010   Code   RO         2699    i.nrf_atfifo_clear  nrf_atfifo.o
    0x0007ad08   0x00000026   Code   RO         2701    i.nrf_atfifo_init   nrf_atfifo.o
    0x0007ad2e   0x00000016   Code   RO         2702    i.nrf_atfifo_item_alloc  nrf_atfifo.o
    0x0007ad44   0x00000016   Code   RO         2703    i.nrf_atfifo_item_free  nrf_atfifo.o
    0x0007ad5a   0x00000016   Code   RO         2704    i.nrf_atfifo_item_get  nrf_atfifo.o
    0x0007ad70   0x00000016   Code   RO         2705    i.nrf_atfifo_item_put  nrf_atfifo.o
    0x0007ad86   0x0000000e   Code   RO         2840    i.nrf_atomic_flag_clear  nrf_fstorage_nvmc.o
    0x0007ad94   0x0000000c   Code   RO         2841    i.nrf_atomic_flag_set_fetch  nrf_fstorage_nvmc.o
    0x0007ada0   0x0000002e   Code   RO          885    i.nrf_bootloader_app_start  nrf_bootloader_app_start.o
    0x0007adce   0x00000010   Code   RO          843    i.nrf_bootloader_init  nrf_bootloader.o
    0x0007adde   0x0000000e   Code   RO         1903    i.nrf_clock_event_check  nrf_drv_clock.o
    0x0007adec   0x00000010   Code   RO         1904    i.nrf_clock_event_clear  nrf_drv_clock.o
    0x0007adfc   0x0000001c   Code   RO         1905    i.nrf_clock_hf_is_running  nrf_drv_clock.o
    0x0007ae18   0x00000078   Code   RO         1432    i.nrf_crypto_ecdsa_sizes_get  nrf_crypto_ecdsa.o
    0x0007ae90   0x00000092   Code   RO         1692    i.nrf_crypto_ecdsa_verify_hash  micro_ecc_lib_ecdsa.o
    0x0007af22   0x00000002   PAD
    0x0007af24   0x00000074   Code   RO         1834    i.nrf_crypto_hash_compute  nrf_crypto_sw_hash.o
    0x0007af98   0x00000046   Code   RO         1835    i.nrf_crypto_hash_finalize  nrf_crypto_sw_hash.o
    0x0007afde   0x00000028   Code   RO         1836    i.nrf_crypto_hash_init  nrf_crypto_sw_hash.o
    0x0007b006   0x0000002e   Code   RO         1478    i.nrf_crypto_hash_size_get  nrf_crypto_hash.o
    0x0007b034   0x00000018   Code   RO         1837    i.nrf_crypto_hash_update  nrf_crypto_sw_hash.o
    0x0007b04c   0x0000008c   Code   RO          677    i.nrf_delay_us      nrf_ble_dfu.o
    0x0007b0d8   0x0000008c   Code   RO         2274    i.nrf_delay_us      app_timer.o
    0x0007b164   0x0000009c   Code   RO         1314    i.nrf_dfu_app_continue  nrf_dfu_utils.o
    0x0007b200   0x00000030   Code   RO         1315    i.nrf_dfu_app_is_valid  nrf_dfu_utils.o
    0x0007b230   0x00000058   Code   RO         1316    i.nrf_dfu_bl_continue  nrf_dfu_utils.o
    0x0007b288   0x00000018   Code   RO          385    i.nrf_dfu_button_enter_check  main.o
    0x0007b2a0   0x0000012c   Code   RO           42    i.nrf_dfu_command_req  dfu_req_handling.o
    0x0007b3cc   0x00000034   Code   RO         1317    i.nrf_dfu_continue  nrf_dfu_utils.o
    0x0007b400   0x00000094   Code   RO         1318    i.nrf_dfu_continue_bank  nrf_dfu_utils.o
    0x0007b494   0x00000234   Code   RO           43    i.nrf_dfu_data_req  dfu_req_handling.o
    0x0007b6c8   0x0000003c   Code   RO          940    i.nrf_dfu_enter_check  nrf_dfu.o
    0x0007b704   0x00000070   Code   RO         1319    i.nrf_dfu_find_cache  nrf_dfu_utils.o
    0x0007b774   0x00000020   Code   RO         1016    i.nrf_dfu_flash_erase  nrf_dfu_flash.o
    0x0007b794   0x0000001c   Code   RO         1017    i.nrf_dfu_flash_init  nrf_dfu_flash.o
    0x0007b7b0   0x00000024   Code   RO         1018    i.nrf_dfu_flash_store  nrf_dfu_flash.o
    0x0007b7d4   0x000000d0   Code   RO          941    i.nrf_dfu_init      nrf_dfu.o
    0x0007b8a4   0x00000004   Code   RO          845    i.nrf_dfu_init_user  nrf_bootloader.o
    0x0007b8a8   0x00000018   Code   RO         1320    i.nrf_dfu_invalidate_bank  nrf_dfu_utils.o
    0x0007b8c0   0x0000001c   Code   RO         1120    i.nrf_dfu_mbr_compare  nrf_dfu_mbr.o
    0x0007b8dc   0x00000016   Code   RO         1121    i.nrf_dfu_mbr_copy_bl  nrf_dfu_mbr.o
    0x0007b8f2   0x00000002   PAD
    0x0007b8f4   0x00000024   Code   RO         1122    i.nrf_dfu_mbr_copy_sd  nrf_dfu_mbr.o
    0x0007b918   0x00000018   Code   RO         1123    i.nrf_dfu_mbr_init_sd  nrf_dfu_mbr.o
    0x0007b930   0x000001a0   Code   RO           44    i.nrf_dfu_postvalidate  dfu_req_handling.o
    0x0007bad0   0x00000054   Code   RO           45    i.nrf_dfu_req_handler_init  dfu_req_handling.o
    0x0007bb24   0x00000040   Code   RO           46    i.nrf_dfu_req_handler_on_req  dfu_req_handling.o
    0x0007bb64   0x00000014   Code   RO           47    i.nrf_dfu_req_handler_reset_if_dfu_complete  dfu_req_handling.o
    0x0007bb78   0x00000024   Code   RO         1321    i.nrf_dfu_reset_timeout_handler  nrf_dfu_utils.o
    0x0007bb9c   0x0000008c   Code   RO         1322    i.nrf_dfu_sd_continue_impl  nrf_dfu_utils.o
    0x0007bc28   0x00000020   Code   RO         3210    i.nrf_dfu_set_adv_name_handler  nrf_dfu_svci_handler.o
    0x0007bc48   0x00000032   Code   RO         3211    i.nrf_dfu_set_adv_name_on_call  nrf_dfu_svci_handler.o
    0x0007bc7a   0x00000024   Code   RO         3212    i.nrf_dfu_set_adv_name_on_sys_evt  nrf_dfu_svci_handler.o
    0x0007bc9e   0x00000002   PAD
    0x0007bca0   0x00000034   Code   RO         1229    i.nrf_dfu_settings_additional_erase  nrf_dfu_settings_svci.o
    0x0007bcd4   0x00000018   Code   RO         1230    i.nrf_dfu_settings_adv_name_copy  nrf_dfu_settings_svci.o
    0x0007bcec   0x00000020   Code   RO         1231    i.nrf_dfu_settings_adv_name_is_valid  nrf_dfu_settings_svci.o
    0x0007bd0c   0x00000038   Code   RO         1232    i.nrf_dfu_settings_adv_name_write  nrf_dfu_settings_svci.o
    0x0007bd44   0x00000010   Code   RO         1173    i.nrf_dfu_settings_crc_get  nrf_dfu_settings.o
    0x0007bd54   0x00000054   Code   RO         1174    i.nrf_dfu_settings_init  nrf_dfu_settings.o
    0x0007bda8   0x00000048   Code   RO         1175    i.nrf_dfu_settings_write  nrf_dfu_settings.o
    0x0007bdf0   0x0000002c   Code   RO         1280    i.nrf_dfu_transports_close  nrf_dfu_transport.o
    0x0007be1c   0x0000002c   Code   RO         1281    i.nrf_dfu_transports_init  nrf_dfu_transport.o
    0x0007be48   0x00000048   Code   RO         1911    i.nrf_drv_clock_init  nrf_drv_clock.o
    0x0007be90   0x0000002c   Code   RO         1915    i.nrf_drv_clock_lfclk_release  nrf_drv_clock.o
    0x0007bebc   0x00000068   Code   RO         1916    i.nrf_drv_clock_lfclk_request  nrf_drv_clock.o
    0x0007bf24   0x00000028   Code   RO         1917    i.nrf_drv_clock_uninit  nrf_drv_clock.o
    0x0007bf4c   0x0000000c   Code   RO         2073    i.nrf_drv_common_clock_irq_disable  nrf_drv_common.o
    0x0007bf58   0x00000038   Code   RO         2074    i.nrf_drv_common_irq_enable  nrf_drv_common.o
    0x0007bf90   0x0000004e   Code   RO         2769    i.nrf_fstorage_erase  nrf_fstorage.o
    0x0007bfde   0x00000010   Code   RO         2770    i.nrf_fstorage_init  nrf_fstorage.o
    0x0007bfee   0x00000002   PAD
    0x0007bff0   0x00000018   Code   RO         2934    i.nrf_fstorage_sdh_req_handler  nrf_fstorage_sd.o
    0x0007c008   0x00000020   Code   RO         2935    i.nrf_fstorage_sdh_state_handler  nrf_fstorage_sd.o
    0x0007c028   0x000000a0   Code   RO         2936    i.nrf_fstorage_sys_evt_handler  nrf_fstorage_sd.o
    0x0007c0c8   0x00000066   Code   RO         2776    i.nrf_fstorage_write  nrf_fstorage.o
    0x0007c12e   0x00000024   Code   RO          488    i.nrf_gpio_cfg      boards.o
    0x0007c152   0x00000010   Code   RO          678    i.nrf_gpio_cfg_output  nrf_ble_dfu.o
    0x0007c162   0x0000000e   Code   RO          679    i.nrf_gpio_pin_set  nrf_ble_dfu.o
    0x0007c170   0x00000016   Code   RO          489    i.nrf_gpio_pin_write  boards.o
    0x0007c186   0x00000002   PAD
    0x0007c188   0x00000030   Code   RO         2128    i.nrf_nvmc_page_erase  nrf_nvmc.o
    0x0007c1b8   0x00000044   Code   RO         2132    i.nrf_nvmc_write_words  nrf_nvmc.o
    0x0007c1fc   0x00000014   Code   RO         3408    i.nrf_sdh_ble_app_ram_start_get  nrf_sdh_ble.o
    0x0007c210   0x00000004   Code   RO         3410    i.nrf_sdh_ble_enable  nrf_sdh_ble.o
    0x0007c214   0x00000050   Code   RO         3411    i.nrf_sdh_ble_evts_poll  nrf_sdh_ble.o
    0x0007c264   0x0000003c   Code   RO         3279    i.nrf_sdh_disable_request  nrf_sdh.o
    0x0007c2a0   0x0000006c   Code   RO         3280    i.nrf_sdh_enable_request  nrf_sdh.o
    0x0007c30c   0x00000024   Code   RO         3281    i.nrf_sdh_evts_poll  nrf_sdh.o
    0x0007c330   0x0000000c   Code   RO         3282    i.nrf_sdh_is_enabled  nrf_sdh.o
    0x0007c33c   0x0000001c   Code   RO         3284    i.nrf_sdh_request_continue  nrf_sdh.o
    0x0007c358   0x0000003c   Code   RO         3461    i.nrf_sdh_soc_evts_poll  nrf_sdh_soc.o
    0x0007c394   0x0000000a   Code   RO         3058    i.nrf_section_iter_init  nrf_section_iter.o
    0x0007c39e   0x00000024   Code   RO         3059    i.nrf_section_iter_item_set  nrf_section_iter.o
    0x0007c3c2   0x00000020   Code   RO         3060    i.nrf_section_iter_next  nrf_section_iter.o
    0x0007c3e2   0x00000002   PAD
    0x0007c3e4   0x0000005c   Code   RO         3247    i.nrf_svc_handler_c  nrf_svc_handler.o
    0x0007c440   0x000000f8   Code   RO          680    i.on_ctrl_pt_write  nrf_ble_dfu.o
    0x0007c538   0x00000044   Code   RO           48    i.on_dfu_complete   dfu_req_handling.o
    0x0007c57c   0x00000094   Code   RO          681    i.on_rw_authorize_req  nrf_ble_dfu.o
    0x0007c610   0x00000060   Code   RO          682    i.on_write          nrf_ble_dfu.o
    0x0007c670   0x00000040   Code   RO         3523    i.pb_dec_bytes      pb_decode.o
    0x0007c6b0   0x00000006   Code   RO         3524    i.pb_dec_fixed32    pb_decode.o
    0x0007c6b6   0x00000006   Code   RO         3525    i.pb_dec_fixed64    pb_decode.o
    0x0007c6bc   0x0000003e   Code   RO         3526    i.pb_dec_string     pb_decode.o
    0x0007c6fa   0x00000040   Code   RO         3527    i.pb_dec_submessage  pb_decode.o
    0x0007c73a   0x00000058   Code   RO         3528    i.pb_dec_svarint    pb_decode.o
    0x0007c792   0x00000058   Code   RO         3529    i.pb_dec_uvarint    pb_decode.o
    0x0007c7ea   0x0000005a   Code   RO         3530    i.pb_dec_varint     pb_decode.o
    0x0007c844   0x0000001e   Code   RO         3531    i.pb_decode         pb_decode.o
    0x0007c862   0x00000020   Code   RO         3533    i.pb_decode_fixed32  pb_decode.o
    0x0007c882   0x0000005c   Code   RO         3534    i.pb_decode_fixed64  pb_decode.o
    0x0007c8de   0x00000002   PAD
    0x0007c8e0   0x00000186   Code   RO         3535    i.pb_decode_noinit  pb_decode.o
    0x0007ca66   0x0000003a   Code   RO         3536    i.pb_decode_svarint  pb_decode.o
    0x0007caa0   0x00000042   Code   RO         3537    i.pb_decode_tag     pb_decode.o
    0x0007cae2   0x0000004a   Code   RO         3538    i.pb_decode_varint  pb_decode.o
    0x0007cb2c   0x0000004c   Code   RO         3539    i.pb_decode_varint32  pb_decode.o
    0x0007cb78   0x00000024   Code   RO           49    i.pb_decoding_callback  dfu_req_handling.o
    0x0007cb9c   0x00000022   Code   RO         3490    i.pb_field_iter_begin  pb_common.o
    0x0007cbbe   0x0000002e   Code   RO         3491    i.pb_field_iter_find  pb_common.o
    0x0007cbec   0x00000080   Code   RO         3492    i.pb_field_iter_next  pb_common.o
    0x0007cc6c   0x000000a4   Code   RO         3540    i.pb_field_set_to_default  pb_decode.o
    0x0007cd10   0x00000014   Code   RO         3541    i.pb_istream_from_buffer  pb_decode.o
    0x0007cd24   0x00000036   Code   RO         3542    i.pb_make_string_substream  pb_decode.o
    0x0007cd5a   0x00000026   Code   RO         3543    i.pb_message_set_to_defaults  pb_decode.o
    0x0007cd80   0x00000058   Code   RO         3544    i.pb_read           pb_decode.o
    0x0007cdd8   0x00000020   Code   RO         3545    i.pb_readbyte       pb_decode.o
    0x0007cdf8   0x0000005a   Code   RO         3546    i.pb_skip_field     pb_decode.o
    0x0007ce52   0x00000002   PAD
    0x0007ce54   0x00000094   Code   RO         2937    i.queue_process     nrf_fstorage_sd.o
    0x0007cee8   0x00000028   Code   RO         2938    i.queue_start       nrf_fstorage_sd.o
    0x0007cf10   0x0000000e   Code   RO         2842    i.read              nrf_fstorage_nvmc.o
    0x0007cf1e   0x0000000e   Code   RO         2939    i.read              nrf_fstorage_sd.o
    0x0007cf2c   0x00000062   Code   RO         3547    i.read_raw_value    pb_decode.o
    0x0007cf8e   0x00000002   PAD
    0x0007cf90   0x00000038   Code   RO           50    i.reset_device      dfu_req_handling.o
    0x0007cfc8   0x00000038   Code   RO         1323    i.reset_device_callback  nrf_dfu_utils.o
    0x0007d000   0x00000058   Code   RO          683    i.response_crc_cmd_send  nrf_ble_dfu.o
    0x0007d058   0x00000064   Code   RO          684    i.response_select_object_cmd_send  nrf_ble_dfu.o
    0x0007d0bc   0x00000054   Code   RO          685    i.response_send     nrf_ble_dfu.o
    0x0007d110   0x00000004   Code   RO         2843    i.rmap              nrf_fstorage_nvmc.o
    0x0007d114   0x00000004   Code   RO         2940    i.rmap              nrf_fstorage_sd.o
    0x0007d118   0x0000003c   Code   RO         2275    i.rtc1_stop         app_timer.o
    0x0007d154   0x00000042   Code   RO         3287    i.sd_nvic_SetPriority  nrf_sdh.o
    0x0007d196   0x00000002   PAD
    0x0007d198   0x00000054   Code   RO         1918    i.sd_state_evt_handler  nrf_drv_clock.o
    0x0007d1ec   0x00000030   Code   RO         3288    i.sdh_request_observer_notify  nrf_sdh.o
    0x0007d21c   0x0000002c   Code   RO         3289    i.sdh_state_observer_notify  nrf_sdh.o
    0x0007d248   0x00000028   Code   RO          686    i.send_hvx          nrf_ble_dfu.o
    0x0007d270   0x00000110   Code   RO         3126    i.sha256_final      sha256.o
    0x0007d380   0x00000054   Code   RO         3127    i.sha256_init       sha256.o
    0x0007d3d4   0x0000012c   Code   RO         3128    i.sha256_transform  sha256.o
    0x0007d500   0x00000054   Code   RO         3129    i.sha256_update     sha256.o
    0x0007d554   0x0000000a   Code   RO         1919    i.soc_evt_handler   nrf_drv_clock.o
    0x0007d55e   0x00000002   PAD
    0x0007d560   0x00000038   Code   RO         3290    i.softdevice_evt_irq_disable  nrf_sdh.o
    0x0007d598   0x00000050   Code   RO         3291    i.softdevices_evt_irq_enable  nrf_sdh.o
    0x0007d5e8   0x00000080   Code   RO         2276    i.timer_list_handler  app_timer.o
    0x0007d668   0x0000003c   Code   RO         2277    i.timer_list_insert  app_timer.o
    0x0007d6a4   0x00000060   Code   RO         2278    i.timer_list_remove  app_timer.o
    0x0007d704   0x00000048   Code   RO         2279    i.timer_stop_op_schedule  app_timer.o
    0x0007d74c   0x00000074   Code   RO         2280    i.timer_timeouts_check  app_timer.o
    0x0007d7c0   0x00000012   Code   RO          687    i.uint32_encode     nrf_ble_dfu.o
    0x0007d7d2   0x00000002   PAD
    0x0007d7d4   0x00000010   Code   RO         2844    i.uninit            nrf_fstorage_nvmc.o
    0x0007d7e4   0x00000020   Code   RO         2941    i.uninit            nrf_fstorage_sd.o
    0x0007d804   0x00000030   Code   RO         2281    i.user_op_alloc     app_timer.o
    0x0007d834   0x00000004   Code   RO         2845    i.wmap              nrf_fstorage_nvmc.o
    0x0007d838   0x00000004   Code   RO         2942    i.wmap              nrf_fstorage_sd.o
    0x0007d83c   0x00000044   Code   RO         2846    i.write             nrf_fstorage_nvmc.o
    0x0007d880   0x00000050   Code   RO         2943    i.write             nrf_fstorage_sd.o
    0x0007d8d0   0x00000001   Data   RO            1    .constdata          dfu-cc.pb.o
    0x0007d8d1   0x00000003   PAD
    0x0007d8d4   0x00000024   Data   RO            2    .constdata          dfu-cc.pb.o
    0x0007d8f8   0x00000078   Data   RO            3    .constdata          dfu-cc.pb.o
    0x0007d970   0x00000018   Data   RO            4    .constdata          dfu-cc.pb.o
    0x0007d988   0x00000030   Data   RO            5    .constdata          dfu-cc.pb.o
    0x0007d9b8   0x00000030   Data   RO            6    .constdata          dfu-cc.pb.o
    0x0007d9e8   0x00000024   Data   RO            7    .constdata          dfu-cc.pb.o
    0x0007da0c   0x0000000c   Data   RO           56    .constdata          dfu_req_handling.o
    0x0007da18   0x00000040   Data   RO          369    .constdata          dfu_public_key.o
    0x0007da58   0x00000008   Data   RO          490    .constdata          boards.o
    0x0007da60   0x00000028   Data   RO          689    .constdata          nrf_ble_dfu.o
    0x0007da88   0x00000004   Data   RO          944    .constdata          nrf_dfu.o
    0x0007da8c   0x00000040   Data   RO         1125    .constdata          nrf_dfu_mbr.o
    0x0007dacc   0x00000004   Data   RO         1325    .constdata          nrf_dfu_utils.o
    0x0007dad0   0x00000008   Data   RO         1838    .constdata          nrf_crypto_sw_hash.o
    0x0007dad8   0x0000000c   Data   RO         2847    .constdata          nrf_fstorage_nvmc.o
    0x0007dae4   0x00000020   Data   RO         2848    .constdata          nrf_fstorage_nvmc.o
    0x0007db04   0x00000010   Data   RO         2946    .constdata          nrf_fstorage_sd.o
    0x0007db14   0x00000020   Data   RO         2947    .constdata          nrf_fstorage_sd.o
    0x0007db34   0x00000100   Data   RO         3130    .constdata          sha256.o
    0x0007dc34   0x00000010   Data   RO         3292    .constdata          nrf_sdh.o
    0x0007dc44   0x00000028   Data   RO         3293    .constdata          nrf_sdh.o
    0x0007dc6c   0x00000010   Data   RO         3294    .constdata          nrf_sdh.o
    0x0007dc7c   0x00000010   Data   RO         3295    .constdata          nrf_sdh.o
    0x0007dc8c   0x00000020   Data   RO         3412    .constdata          nrf_sdh_ble.o
    0x0007dcac   0x00000010   Data   RO         3413    .constdata          nrf_sdh_ble.o
    0x0007dcbc   0x00000010   Data   RO         3462    .constdata          nrf_sdh_soc.o
    0x0007dccc   0x0000000c   Data   RO         3463    .constdata          nrf_sdh_soc.o
    0x0007dcd8   0x00000024   Data   RO         3548    .constdata          pb_decode.o
    0x0007dcfc   0x000000b0   Data   RO         3816    .rodata.curve_secp256r1  micro_ecc_lib_nrf52.lib(uECC.c.o)
    0x0007ddac   0x00000020   Data   RO         3861    Region$$Table       anon$$obj.o
    0x0007ddcc   0x00000008   Data   RO          691    dfu_trans           nrf_ble_dfu.o
    0x0007ddd4   0x00000008   Data   RO          692    sdh_ble_observers2  nrf_ble_dfu.o
    0x0007dddc   0x00000008   Data   RO         2949    sdh_req_observers0  nrf_fstorage_sd.o
    0x0007dde4   0x00000008   Data   RO         1925    sdh_soc_observers0  nrf_drv_clock.o
    0x0007ddec   0x00000008   Data   RO         2950    sdh_soc_observers0  nrf_fstorage_sd.o
    0x0007ddf4   0x00000008   Data   RO         3414    sdh_stack_observers0  nrf_sdh_ble.o
    0x0007ddfc   0x00000008   Data   RO         3464    sdh_stack_observers0  nrf_sdh_soc.o
    0x0007de04   0x00000008   Data   RO         1926    sdh_state_observers0  nrf_drv_clock.o
    0x0007de0c   0x00000008   Data   RO         2951    sdh_state_observers0  nrf_fstorage_sd.o
    0x0007de14   0x0000000c   Data   RO         3213    svc_data            nrf_dfu_svci_handler.o


    Execution Region RW_IRAM1 (Base: 0x20002830, Size: 0x00002c28, Max: 0x0000d7d0, ABSOLUTE)

    Base Addr    Size         Type   Attr      Idx    E Section Name        Object

    0x20002830   0x00000038   Data   RW           57    .data               dfu_req_handling.o
    0x20002868   0x0000000c   Data   RW          690    .data               nrf_ble_dfu.o
    0x20002874   0x00000004   Data   RW         1019    .data               nrf_dfu_flash.o
    0x20002878   0x00000001   Data   RW         1084    .data               nrf_dfu_handling_error.o
    0x20002879   0x00000003   PAD
    0x2000287c   0x00000010   Data   RW         2213    .data               app_scheduler.o
    0x2000288c   0x00000014   Data   RW         2283    .data               app_timer.o
    0x200028a0   0x00000004   Data   RW         2849    .data               nrf_fstorage_nvmc.o
    0x200028a4   0x00000008   Data   RW         2948    .data               nrf_fstorage_sd.o
    0x200028ac   0x00000003   Data   RW         3296    .data               nrf_sdh.o
    0x200028af   0x00000001   PAD
    0x200028b0   0x00000004   Data   RW         3702    .data               system_nrf52.o
    0x200028b4   0x00000014   Data   RW         1020    fs_data             nrf_dfu_flash.o
    0x200028c8   0x0000039c   Zero   RW           51    .bss                dfu_req_handling.o
    0x20002c64   0x00000020   Zero   RW           52    .bss                dfu_req_handling.o
    0x20002c84   0x00000040   Zero   RW           53    .bss                dfu_req_handling.o
    0x20002cc4   0x00000020   Zero   RW           54    .bss                dfu_req_handling.o
    0x20002ce4   0x00000020   Zero   RW           55    .bss                dfu_req_handling.o
    0x20002d04   0x00000044   Zero   RW          688    .bss                nrf_ble_dfu.o
    0x20002d48   0x00000020   Zero   RW          942    .bss                nrf_dfu.o
    0x20002d68   0x00000110   Zero   RW          943    .bss                nrf_dfu.o
    0x20002e78   0x00000370   Zero   RW         1179    .bss                nrf_dfu_settings.o
    0x200031e8   0x00000020   Zero   RW         1324    .bss                nrf_dfu_utils.o
    0x20003208   0x00000014   Zero   RW         1920    .bss                nrf_drv_clock.o
    0x2000321c   0x0000010c   Zero   RW         2282    .bss                app_timer.o
    0x20003328   0x0000000c   Zero   RW         2431    .bss                app_util_platform.o
    0x20003334   0x00000110   Zero   RW         2944    .bss                nrf_fstorage_sd.o
    0x20003444   0x00000010   Zero   RW         2945    .bss                nrf_fstorage_sd.o
    0x20003454   0x00000004   PAD
    0x20003458   0x00002000   Zero   RW         3690    STACK               arm_startup_nrf52.o



  Load Region LR$$.ARM.__AT_0x0007E000 (Base: 0x0007e000, Size: 0x00000000, Max: 0x00001000, ABSOLUTE)

    Execution Region ER$$.ARM.__AT_0x0007E000 (Base: 0x0007e000, Size: 0x00001000, Max: 0x00001000, ABSOLUTE, UNINIT)

    Base Addr    Size         Type   Attr      Idx    E Section Name        Object

    0x0007e000   0x00001000   Zero   RW         1176    .ARM.__AT_0x0007E000  nrf_dfu_settings.o



  Load Region LR$$.ARM.__AT_0x0007F000 (Base: 0x0007f000, Size: 0x00000000, Max: 0x00001000, ABSOLUTE)

    Execution Region ER$$.ARM.__AT_0x0007F000 (Base: 0x0007f000, Size: 0x00001000, Max: 0x00001000, ABSOLUTE, UNINIT)

    Base Addr    Size         Type   Attr      Idx    E Section Name        Object

    0x0007f000   0x00001000   Zero   RW         1177    .ARM.__AT_0x0007F000  nrf_dfu_settings.o



  Load Region LR$$.ARM.__AT_0x10001014 (Base: 0x10001014, Size: 0x00000004, Max: 0x00000004, ABSOLUTE)

    Execution Region ER$$.ARM.__AT_0x10001014 (Base: 0x10001014, Size: 0x00000004, Max: 0x00000004, ABSOLUTE, UNINIT)

    Base Addr    Size         Type   Attr      Idx    E Section Name        Object

    0x10001014   0x00000004   Data   RW          919    .ARM.__AT_0x10001014  nrf_bootloader_info.o



  Load Region LR$$.ARM.__AT_0x10001018 (Base: 0x10001018, Size: 0x00000004, Max: 0x00000004, ABSOLUTE)

    Execution Region ER$$.ARM.__AT_0x10001018 (Base: 0x10001018, Size: 0x00000004, Max: 0x00000004, ABSOLUTE, UNINIT)

    Base Addr    Size         Type   Attr      Idx    E Section Name        Object

    0x10001018   0x00000004   Data   RO         1178    .ARM.__AT_0x10001018  nrf_dfu_settings.o


==============================================================================

Image component sizes


      Code (inc. data)   RO Data    RW Data    ZI Data      Debug   Object Name

       268         16          0         16          0       4487   app_scheduler.o
      1630        122          0         20        268      46503   app_timer.o
       124         14          0          0         12       9206   app_util_platform.o
        36          8        512          0       8192        880   arm_startup_nrf52.o
         8          0          0          0          0      26826   ble_srv_common.o
       152         18          8          0          0       8150   boards.o
        60          6          0          0          0       1404   crc32.o
         0          0        313          0          0      13728   dfu-cc.pb.o
         0          0         64          0          0        661   dfu_public_key.o
      2156        172         12         56       1084     124002   dfu_req_handling.o
       120         18          0          0          0       7443   main.o
       158          0          0          0          0      24759   micro_ecc_lib_ecdsa.o
       342          0          0          0          0       7514   nrf_atfifo.o
      2254        134         56         12         68      59502   nrf_ble_dfu.o
        20          0          0          0          0       1634   nrf_bootloader.o
        46          0          0          0          0        763   nrf_bootloader_app_start.o
        64          2          0          0          0        568   nrf_bootloader_app_start_asm.o
         0          0          0          4          0        326   nrf_bootloader_info.o
       120         10          0          0          0       1553   nrf_crypto_ecdsa.o
        46          8          0          0          0       1935   nrf_crypto_hash.o
       250          6          8          0          0       8789   nrf_crypto_sw_hash.o
       268         30          4          0        304      11159   nrf_dfu.o
       124         36          0         24          0       8663   nrf_dfu_flash.o
        28         10          0          1          0       2936   nrf_dfu_handling_error.o
       110         14         64          0          0       5264   nrf_dfu_mbr.o
       172         28          4          0       9072       3681   nrf_dfu_settings.o
       164         20          0          0          0       4252   nrf_dfu_settings_svci.o
       118         16         12          0          0       3523   nrf_dfu_svci_handler.o
        88         18          0          0          0       3220   nrf_dfu_transport.o
       860         72          4          0         32      10137   nrf_dfu_utils.o
       646         68         16          0         20      46872   nrf_drv_clock.o
        68          0          0          0          0      29930   nrf_drv_common.o
       232          0          0          0          0       4881   nrf_fstorage.o
       442         24         44          4          0      13656   nrf_fstorage_nvmc.o
       918         72         72          8        288      16215   nrf_fstorage_sd.o
       116         18          0          0          0       2061   nrf_nvmc.o
       632         66         88          3          0      42892   nrf_sdh.o
       104         10         56          0          0       5945   nrf_sdh_ble.o
        60          4         36          0          0       2196   nrf_sdh_soc.o
        78          0          0          0          0       2564   nrf_section_iter.o
       112         10          0          0          0       2433   nrf_svc_handler.o
       208          0          0          0          0       3268   pb_common.o
      2320         14         36          0          0      26810   pb_decode.o
       740         40        256          0          0       6416   sha256.o
       764         64          0          4          0       2819   system_nrf52.o

    ----------------------------------------------------------------------
     17264       1168       1700        156      19344     612426   Object Totals
         0          0         32          0          0          0   (incl. Generated)
        38          0          3          4          4          0   (incl. Padding)

    ----------------------------------------------------------------------

      Code (inc. data)   RO Data    RW Data    ZI Data      Debug   Library Member Name

         0          0          0          0          0          0   entry.o
         0          0          0          0          0          0   entry10a.o
         0          0          0          0          0          0   entry11a.o
         8          4          0          0          0          0   entry2.o
         4          0          0          0          0          0   entry5.o
         0          0          0          0          0          0   entry7b.o
         0          0          0          0          0          0   entry8b.o
         8          4          0          0          0          0   entry9a.o
        30          0          0          0          0          0   handlers.o
        36          8          0          0          0         68   init.o
        30          0          0          0          0         68   llshl.o
        26          0          0          0          0         80   memcmp.o
        36          0          0          0          0         68   memcpya.o
        36          0          0          0          0        108   memseta.o
      4732         12        176          0          0      44086   uECC.c.o

    ----------------------------------------------------------------------
      4960         28        176          0          0      44478   Library Totals
        14          0          0          0          0          0   (incl. Padding)

    ----------------------------------------------------------------------

      Code (inc. data)   RO Data    RW Data    ZI Data      Debug   Library Name

       214         16          0          0          0        392   mc_w.l
      4732         12        176          0          0      44086   micro_ecc_lib_nrf52.lib

    ----------------------------------------------------------------------
      4960         28        176          0          0      44478   Library Totals

    ----------------------------------------------------------------------

==============================================================================


      Code (inc. data)   RO Data    RW Data    ZI Data      Debug   

     22224       1196       1876        156      19344     634152   Grand Totals
     22224       1196       1876        156      19344     634152   ELF Image Totals
     22224       1196       1876        156          0          0   ROM Totals

==============================================================================

    Total RO  Size (Code + RO Data)                24100 (  23.54kB)
    Total RW  Size (RW Data + ZI Data)             19500 (  19.04kB)
    Total ROM Size (Code + RO Data + RW Data)      24256 (  23.69kB)

==============================================================================

